Component: ARM Compiler 5.06 update 2 (build 183) Tool: armlink [4d35b7]

==============================================================================

Section Cross References

    test.o(i.main) refers to sys.o(i.Stm32_Clock_Init) for Stm32_Clock_Init
    test.o(i.main) refers to delay.o(i.delay_init) for delay_init
    test.o(i.main) refers to usart.o(i.uart_init) for uart_init
    test.o(i.main) refers to noretval__2printf.o(.text) for __2printf
    test.o(i.main) refers to uart.o(i.USART3_Init) for USART3_Init
    test.o(i.main) refers to mpu.o(i.MPU_Memory_Protection) for MPU_Memory_Protection
    test.o(i.main) refers to sdram.o(i.SDRAM_Init) for SDRAM_Init
    test.o(i.main) refers to can.o(i.CAN1_Mode_Init) for CAN1_Mode_Init
    test.o(i.main) refers to soft_switch.o(i.init_switch) for init_switch
    test.o(i.main) refers to delay.o(i.delay_ms) for delay_ms
    test.o(i.main) refers to soft_switch.o(i.get_switc_status) for get_switc_status
    test.o(i.main) refers to soft_switch.o(i.set_led) for set_led
    test.o(i.main) refers to uart.o(i.USART2_Init) for USART2_Init
    test.o(i.main) refers to timer.o(i.TIM3_Int_Init) for TIM3_Int_Init
    test.o(i.main) refers to uart.o(i.USART2_Send_char) for USART2_Send_char
    test.o(i.main) refers to delay.o(i.delay_us) for delay_us
    test.o(i.main) refers to pid.o(i.pid_control) for pid_control
    test.o(i.main) refers to ano.o(i.ANO_send) for ANO_send
    test.o(i.main) refers to usmart_config.o(.data) for usmart_dev
    test.o(i.main) refers to copley_node1.o(.data) for copley_node1
    test.o(i.main) refers to copley_node2.o(.data) for copley_node2
    test.o(i.main) refers to test.o(.data) for NODE1_FLAG
    test.o(i.main) refers to uart.o(.bss) for f4_data
    test.o(i.main) refers to test.o(.bss) for ano_data
    test.o(i.pre1_2_tense) refers to pid.o(i.pid_control) for pid_control
    test.o(i.pre1_2_tense) refers to test.o(.data) for node1_2
    test.o(i.pre2_2_tense) refers to pid.o(i.pid_control) for pid_control
    test.o(i.pre2_2_tense) refers to test.o(.data) for node2_2
    test.o(i.read_sdo) refers to _printf_percent.o(.ARM.Collect$$_printf_percent$$00000000) for _printf_percent
    test.o(i.read_sdo) refers to _printf_x.o(.ARM.Collect$$_printf_percent$$0000000C) for _printf_x
    test.o(i.read_sdo) refers to _printf_hex_int.o(.text) for _printf_longlong_hex
    test.o(i.read_sdo) refers to noretval__2printf.o(.text) for __2printf
    test.o(i.read_sdo) refers to copley_control.o(i.creat_sdo_msg) for creat_sdo_msg
    test.o(i.read_sdo) refers to can.o(i.CAN1_Send_Msg) for CAN1_Send_Msg
    test.o(i.read_sdo) refers to delay.o(i.delay_ms) for delay_ms
    test.o(i.read_sdo) refers to copley_node2.o(.data) for copley_node2
    test.o(i.set_kd) refers to _printf_percent.o(.ARM.Collect$$_printf_percent$$00000000) for _printf_percent
    test.o(i.set_kd) refers to _printf_d.o(.ARM.Collect$$_printf_percent$$00000009) for _printf_d
    test.o(i.set_kd) refers to _printf_dec.o(.text) for _printf_int_dec
    test.o(i.set_kd) refers to noretval__2printf.o(.text) for __2printf
    test.o(i.set_kd) refers to test.o(.data) for node2_1
    test.o(i.set_kp) refers to _printf_percent.o(.ARM.Collect$$_printf_percent$$00000000) for _printf_percent
    test.o(i.set_kp) refers to _printf_d.o(.ARM.Collect$$_printf_percent$$00000009) for _printf_d
    test.o(i.set_kp) refers to _printf_dec.o(.text) for _printf_int_dec
    test.o(i.set_kp) refers to noretval__2printf.o(.text) for __2printf
    test.o(i.set_kp) refers to test.o(.data) for node2_1
    test.o(i.set_prepare_param) refers to _printf_percent.o(.ARM.Collect$$_printf_percent$$00000000) for _printf_percent
    test.o(i.set_prepare_param) refers to _printf_d.o(.ARM.Collect$$_printf_percent$$00000009) for _printf_d
    test.o(i.set_prepare_param) refers to _printf_dec.o(.text) for _printf_int_dec
    test.o(i.set_prepare_param) refers to rt_memcpy_w.o(.text) for __aeabi_memcpy4
    test.o(i.set_prepare_param) refers to uart.o(i.USART2_Send_char) for USART2_Send_char
    test.o(i.set_prepare_param) refers to delay.o(i.delay_ms) for delay_ms
    test.o(i.set_prepare_param) refers to pid.o(i.pid_control) for pid_control
    test.o(i.set_prepare_param) refers to noretval__2printf.o(.text) for __2printf
    test.o(i.set_prepare_param) refers to test.o(.constdata) for .constdata
    test.o(i.set_prepare_param) refers to uart.o(.bss) for f4_data
    test.o(i.set_prepare_param) refers to test.o(.data) for NODE1_MIN
    test.o(i.set_prepare_param) refers to copley_node1.o(.data) for copley_node1
    test.o(i.set_prepare_param) refers to copley_node2.o(.data) for copley_node2
    test.o(i.set_sdo) refers to copley_control.o(i.creat_sdo_msg) for creat_sdo_msg
    test.o(i.set_sdo) refers to can.o(i.CAN1_Send_Msg) for CAN1_Send_Msg
    test.o(i.set_sdo) refers to delay.o(i.delay_ms) for delay_ms
    test.o(i.set_sdo) refers to copley_node1.o(.data) for copley_node1
[...]
    ..\\src\\app\\lrn.c                      0x00000000   Number         0  lrn.o ABSOLUTE
    ..\\src\\app\\pid.c                      0x00000000   Number         0  pid.o ABSOLUTE
    ..\\src\\app\\test.c                     0x00000000   Number         0  test.o ABSOLUTE
    ..\src\ANO\ANO.c                         0x00000000   Number         0  ano.o ABSOLUTE
    ..\src\HARDWARE\CAN\can.c                0x00000000   Number         0  can.o ABSOLUTE
    ..\src\HARDWARE\COPLEY\copley_control.c  0x00000000   Number         0  copley_control.o ABSOLUTE
    ..\src\HARDWARE\COPLEY\copley_node1.c    0x00000000   Number         0  copley_node1.o ABSOLUTE
    ..\src\HARDWARE\COPLEY\copley_node2.c    0x00000000   Number         0  copley_node2.o ABSOLUTE
    ..\src\HARDWARE\MPU\mpu.c                0x00000000   Number         0  mpu.o ABSOLUTE
    ..\src\HARDWARE\SDRAM\sdram.c            0x00000000   Number         0  sdram.o ABSOLUTE
    ..\src\HARDWARE\TIMER\timer.c            0x00000000   Number         0  timer.o ABSOLUTE
    ..\src\HARDWARE\USART\uart.c             0x00000000   Number         0  uart.o ABSOLUTE
    ..\src\HARDWARE\soft_switch\soft_switch.c 0x00000000   Number         0  soft_switch.o ABSOLUTE
    ..\src\SYSTEM\delay\delay.c              0x00000000   Number         0  delay.o ABSOLUTE
    ..\src\SYSTEM\sys\sys.c                  0x00000000   Number         0  sys.o ABSOLUTE
    ..\src\SYSTEM\usart\usart.c              0x00000000   Number         0  usart.o ABSOLUTE
    ..\src\USMART\usmart.c                   0x00000000   Number         0  usmart.o ABSOLUTE
    ..\src\USMART\usmart_config.c            0x00000000   Number         0  usmart_config.o ABSOLUTE
    ..\src\USMART\usmart_str.c               0x00000000   Number         0  usmart_str.o ABSOLUTE
    ..\src\app\lrn.c                         0x00000000   Number         0  lrn.o ABSOLUTE
    ..\src\app\pid.c                         0x00000000   Number         0  pid.o ABSOLUTE
    ..\src\app\test.c                        0x00000000   Number         0  test.o ABSOLUTE
    ..\src\startup\startup_stm32f767xx.s     0x00000000   Number         0  startup_stm32f767xx.o ABSOLUTE
    dc.s                                     0x00000000   Number         0  dc.o ABSOLUTE
    RESET                                    0x08000000   Section      504  startup_stm32f767xx.o(RESET)
    !!!main                                  0x080001f8   Section        8  __main.o(!!!main)
    !!!scatter                               0x08000200   Section       52  __scatter.o(!!!scatter)
    !!dczerorl2                              0x08000234   Section       90  __dczerorl2.o(!!dczerorl2)
    !!handler_zi                             0x08000290   Section       28  __scatter_zi.o(!!handler_zi)
    .ARM.Collect$$_printf_percent$$00000000  0x080002ac   Section        0  _printf_percent.o(.ARM.Collect$$_printf_percent$$00000000)
    .ARM.Collect$$_printf_percent$$00000009  0x080002ac   Section        6  _printf_d.o(.ARM.Collect$$_printf_percent$$00000009)
    .ARM.Collect$$_printf_percent$$0000000A  0x080002b2   Section        6  _printf_u.o(.ARM.Collect$$_printf_percent$$0000000A)
    .ARM.Collect$$_printf_percent$$0000000C  0x080002b8   Section        6  _printf_x.o(.ARM.Collect$$_printf_percent$$0000000C)
    .ARM.Collect$$_printf_percent$$00000013  0x080002be   Section        6  _printf_c.o(.ARM.Collect$$_printf_percent$$00000013)
    .ARM.Collect$$_printf_percent$$00000014  0x080002c4   Section        6  _printf_s.o(.ARM.Collect$$_printf_percent$$00000014)
    .ARM.Collect$$_printf_percent$$00000017  0x080002ca   Section        4  _printf_percent_end.o(.ARM.Collect$$_printf_percent$$00000017)
    .ARM.Collect$$libinit$$00000000          0x080002ce   Section        2  libinit.o(.ARM.Collect$$libinit$$00000000)
    .ARM.Collect$$libinit$$00000001          0x080002d0   Section        4  libinit2.o(.ARM.Collect$$libinit$$00000001)
    .ARM.Collect$$libinit$$00000004          0x080002d4   Section        0  libinit2.o(.ARM.Collect$$libinit$$00000004)
    .ARM.Collect$$libinit$$0000000A          0x080002d4   Section        0  libinit2.o(.ARM.Collect$$libinit$$0000000A)
    .ARM.Collect$$libinit$$0000000C          0x080002d4   Section        0  libinit2.o(.ARM.Collect$$libinit$$0000000C)
    .ARM.Collect$$libinit$$0000000E          0x080002d4   Section        0  libinit2.o(.ARM.Collect$$libinit$$0000000E)
    .ARM.Collect$$libinit$$00000011          0x080002d4   Section        0  libinit2.o(.ARM.Collect$$libinit$$00000011)
    .ARM.Collect$$libinit$$00000013          0x080002d4   Section        0  libinit2.o(.ARM.Collect$$libinit$$00000013)
    .ARM.Collect$$libinit$$00000015          0x080002d4   Section        0  libinit2.o(.ARM.Collect$$libinit$$00000015)
    .ARM.Collect$$libinit$$00000017          0x080002d4   Section        0  libinit2.o(.ARM.Collect$$libinit$$00000017)
    .ARM.Collect$$libinit$$00000019          0x080002d4   Section        0  libinit2.o(.ARM.Collect$$libinit$$00000019)
    .ARM.Collect$$libinit$$0000001B          0x080002d4   Section        0  libinit2.o(.ARM.Collect$$libinit$$0000001B)
    .ARM.Collect$$libinit$$0000001D          0x080002d4   Section        0  libinit2.o(.ARM.Collect$$libinit$$0000001D)
    .ARM.Collect$$libinit$$0000001F          0x080002d4   Section        0  libinit2.o(.ARM.Collect$$libinit$$0000001F)
    .ARM.Collect$$libinit$$00000021          0x080002d4   Section        0  libinit2.o(.ARM.Collect$$libinit$$00000021)
    .ARM.Collect$$libinit$$00000023          0x080002d4   Section        0  libinit2.o(.ARM.Collect$$libinit$$00000023)
    .ARM.Collect$$libinit$$00000025          0x080002d4   Section        0  libinit2.o(.ARM.Collect$$libinit$$00000025)
    .ARM.Collect$$libinit$$0000002C          0x080002d4   Section        0  libinit2.o(.ARM.Collect$$libinit$$0000002C)
    .ARM.Collect$$libinit$$0000002E          0x080002d4   Section        0  libinit2.o(.ARM.Collect$$libinit$$0000002E)
    .ARM.Collect$$libinit$$00000030          0x080002d4   Section        0  libinit2.o(.ARM.Collect$$libinit$$00000030)
    .ARM.Collect$$libinit$$00000032          0x080002d4   Section        0  libinit2.o(.ARM.Collect$$libinit$$00000032)
    .ARM.Collect$$libinit$$00000033          0x080002d4   Section        2  libinit2.o(.ARM.Collect$$libinit$$00000033)
    .ARM.Collect$$libshutdown$$00000000      0x080002d6   Section        2  libshutdown.o(.ARM.Collect$$libshutdown$$00000000)
    .ARM.Collect$$libshutdown$$00000002      0x080002d8   Section        0  libshutdown2.o(.ARM.Collect$$libshutdown$$00000002)
    .ARM.Collect$$libshutdown$$00000004      0x080002d8   Section        0  libshutdown2.o(.ARM.Collect$$libshutdown$$00000004)
    .ARM.Collect$$libshutdown$$00000007      0x080002d8   Section        0  libshutdown2.o(.ARM.Collect$$libshutdown$$00000007)
    .ARM.Collect$$libshutdown$$0000000A      0x080002d8   Section        0  libshutdown2.o(.ARM.Collect$$libshutdown$$0000000A)
    .ARM.Collect$$libshutdown$$0000000C      0x080002d8   Section        0  libshutdown2.o(.ARM.Collect$$libshutdown$$0000000C)
    .ARM.Collect$$libshutdown$$0000000F      0x080002d8   Section        0  libshutdown2.o(.ARM.Collect$$libshutdown$$0000000F)
    .ARM.Collect$$libshutdown$$00000010      0x080002d8   Section        2  libshutdown2.o(.ARM.Collect$$libshutdown$$00000010)
    .ARM.Collect$$rtentry$$00000000          0x080002da   Section        0  __rtentry.o(.ARM.Collect$$rtentry$$00000000)
    .ARM.Collect$$rtentry$$00000002          0x080002da   Section        0  __rtentry2.o(.ARM.Collect$$rtentry$$00000002)
    .ARM.Collect$$rtentry$$00000004          0x080002da   Section        6  __rtentry4.o(.ARM.Collect$$rtentry$$00000004)
    .ARM.Collect$$rtentry$$00000009          0x080002e0   Section        0  __rtentry2.o(.ARM.Collect$$rtentry$$00000009)
    .ARM.Collect$$rtentry$$0000000A          0x080002e0   Section        4  __rtentry2.o(.ARM.Collect$$rtentry$$0000000A)
    .ARM.Collect$$rtentry$$0000000C          0x080002e4   Section        0  __rtentry2.o(.ARM.Collect$$rtentry$$0000000C)
    .ARM.Collect$$rtentry$$0000000D          0x080002e4   Section        8  __rtentry2.o(.ARM.Collect$$rtentry$$0000000D)
    .ARM.Collect$$rtexit$$00000000           0x080002ec   Section        2  rtexit.o(.ARM.Collect$$rtexit$$00000000)
    .ARM.Collect$$rtexit$$00000002           0x080002ee   Section        0  rtexit2.o(.ARM.Collect$$rtexit$$00000002)
    .ARM.Collect$$rtexit$$00000003           0x080002ee   Section        4  rtexit2.o(.ARM.Collect$$rtexit$$00000003)
    .ARM.Collect$$rtexit$$00000004           0x080002f2   Section        6  rtexit2.o(.ARM.Collect$$rtexit$$00000004)
    .text                                    0x080002f8   Section       92  startup_stm32f767xx.o(.text)
    $v0                                      0x080002f8   Number         0  startup_stm32f767xx.o(.text)
    .text                                    0x08000354   Section        2  use_no_semi_2.o(.text)
    .text                                    0x08000358   Section        0  noretval__2printf.o(.text)
    .text                                    0x08000370   Section        0  _printf_pad.o(.text)
    .text                                    0x080003be   Section        0  _printf_str.o(.text)
    .text                                    0x08000410   Section        0  _printf_dec.o(.text)
    .text                                    0x08000488   Section        0  _printf_hex_int.o(.text)
    .text                                    0x080004e0   Section        0  __printf_flags_ss_wp.o(.text)
    .text                                    0x08000668   Section       78  rt_memclr_w.o(.text)
    .text                                    0x080006b6   Section        0  heapauxi.o(.text)
    .text                                    0x080006bc   Section        2  use_no_semi.o(.text)
    .text                                    0x080006be   Section        0  _printf_intcommon.o(.text)
    .text                                    0x08000770   Section        0  _printf_char.o(.text)
    .text                                    0x0800079c   Section        0  _printf_char_file.o(.text)
    .text                                    0x080007c0   Section        0  _printf_char_common.o(.text)
    _printf_input_char                       0x080007c1   Thumb Code    10  _printf_char_common.o(.text)
    .text                                    0x080007f0   Section        0  ferror.o(.text)
    .text                                    0x080007f8   Section       74  sys_stackheap_outer.o(.text)
    .text                                    0x08000842   Section        0  exit.o(.text)
    .text                                    0x08000854   Section        8  libspace.o(.text)
    i.ANO_report                             0x0800085c   Section        0  ano.o(i.ANO_report)
    i.ANO_send                               0x080008de   Section        0  ano.o(i.ANO_send)
    i.CAN1_Mode_Init                         0x08000938   Section        0  can.o(i.CAN1_Mode_Init)
    i.CAN1_RX0_IRQHandler                    0x08000b14   Section        0  can.o(i.CAN1_RX0_IRQHandler)
    i.CAN1_Rx_Msg                            0x08000b90   Section        0  can.o(i.CAN1_Rx_Msg)
    i.CAN1_Send_Msg                          0x08000c68   Section        0  can.o(i.CAN1_Send_Msg)
    i.CAN1_Tx_Msg                            0x08000cbc   Section        0  can.o(i.CAN1_Tx_Msg)
    i.CAN1_Tx_Staus                          0x08000dc8   Section        0  can.o(i.CAN1_Tx_Staus)
    i.Cache_Enable                           0x08000e4c   Section        0  sys.o(i.Cache_Enable)
    i.GPIO_AF_Set                            0x08000ec4   Section        0  sys.o(i.GPIO_AF_Set)
    i.GPIO_Pin_Get                           0x08000f04   Section        0  sys.o(i.GPIO_Pin_Get)
    i.GPIO_Pin_Set                           0x08000f14   Section        0  sys.o(i.GPIO_Pin_Set)
    i.GPIO_Set                               0x08000f24   Section        0  sys.o(i.GPIO_Set)
    i.MPU_Convert_Bytes_To_POT               0x08001002   Section        0  mpu.o(i.MPU_Convert_Bytes_To_POT)
    i.MPU_Disable                            0x08001014   Section        0  mpu.o(i.MPU_Disable)
    i.MPU_Enable                             0x08001038   Section        0  mpu.o(i.MPU_Enable)
    i.MPU_Memory_Protection                  0x08001054   Section        0  mpu.o(i.MPU_Memory_Protection)
    i.MPU_Set_Protection                     0x080010b0   Section        0  mpu.o(i.MPU_Set_Protection)
    i.MY_NVIC_Init                           0x0800111c   Section        0  sys.o(i.MY_NVIC_Init)
    i.MY_NVIC_PriorityGroupConfig            0x08001194   Section        0  sys.o(i.MY_NVIC_PriorityGroupConfig)
    i.MY_NVIC_SetVectorTable                 0x080011bc   Section        0  sys.o(i.MY_NVIC_SetVectorTable)
    i.MemManage_Handler                      0x080011cc   Section        0  mpu.o(i.MemManage_Handler)
    i.SCB_EnableDCache                       0x0800122c   Section        0  sys.o(i.SCB_EnableDCache)
    SCB_EnableDCache                         0x0800122d   Thumb Code   148  sys.o(i.SCB_EnableDCache)
    i.SDRAM_Init                             0x080012c8   Section        0  sdram.o(i.SDRAM_Init)
    i.SDRAM_Send_Cmd                         0x08001594   Section        0  sdram.o(i.SDRAM_Send_Cmd)
    i.Stm32_Clock_Init                       0x080015dc   Section        0  sys.o(i.Stm32_Clock_Init)
    i.Sys_Clock_Set                          0x0800164c   Section        0  sys.o(i.Sys_Clock_Set)
    i.Sys_Soft_Reset                         0x08001760   Section        0  sys.o(i.Sys_Soft_Reset)
    i.TIM3_IRQHandler                        0x08001770   Section        0  timer.o(i.TIM3_IRQHandler)
    i.TIM3_Int_Init                          0x080017d8   Section        0  timer.o(i.TIM3_Int_Init)
    i.TIM4_IRQHandler                        0x08001828   Section        0  usmart.o(i.TIM4_IRQHandler)
    i.TIM5_IRQHandler                        0x08001864   Section        0  timer.o(i.TIM5_IRQHandler)
    i.Timer4_Init                            0x0800194c   Section        0  usmart.o(i.Timer4_Init)
    i.USART1_IRQHandler                      0x0800199c   Section        0  usart.o(i.USART1_IRQHandler)
    i.USART2_IRQHandler                      0x08001a1c   Section        0  uart.o(i.USART2_IRQHandler)
    i.USART2_Init                            0x08001a7c   Section        0  uart.o(i.USART2_Init)
    i.USART2_Send_char                       0x08001b58   Section        0  uart.o(i.USART2_Send_char)
    i.USART3_IRQHandler                      0x08001b74   Section        0  uart.o(i.USART3_IRQHandler)
    i.USART3_Init                            0x08001ba0   Section        0  uart.o(i.USART3_Init)
    i.USART3_Send_char                       0x08001c7c   Section        0  uart.o(i.USART3_Send_char)
    i._is_digit                              0x08001c98   Section        0  __printf_wp.o(i._is_digit)
    i._sys_exit                              0x08001ca6   Section        0  usart.o(i._sys_exit)
    i.creat_nmt_msg                          0x08001caa   Section        0  copley_control.o(i.creat_nmt_msg)
    i.creat_sdo_msg                          0x08001cd4   Section        0  copley_control.o(i.creat_sdo_msg)
    i.creat_sync_msg                         0x08001d94   Section        0  copley_control.o(i.creat_sync_msg)
    i.create_rpdo_msg                        0x08001dcc   Section        0  copley_control.o(i.create_rpdo_msg)
    i.delay_init                             0x08001e40   Section        0  delay.o(i.delay_init)
    i.delay_ms                               0x08001e78   Section        0  delay.o(i.delay_ms)
    i.delay_us                               0x08001eb0   Section        0  delay.o(i.delay_us)
    i.delay_xms                              0x08001eec   Section        0  delay.o(i.delay_xms)
    i.fputc                                  0x08001f28   Section        0  usart.o(i.fputc)
    i.get_switc_status                       0x08001f44   Section        0  soft_switch.o(i.get_switc_status)
    i.init_switch                            0x08001f58   Section        0  soft_switch.o(i.init_switch)
    i.main                                   0x08001fb0   Section        0  test.o(i.main)
    i.node1_fault_reset                      0x080023fc   Section        0  copley_node1.o(i.node1_fault_reset)
    node1_fault_reset                        0x080023fd   Thumb Code    78  copley_node1.o(i.node1_fault_reset)
    i.node1_halt                             0x08002450   Section        0  copley_node1.o(i.node1_halt)
    i.node1_init                             0x080024a0   Section        0  copley_node1.o(i.node1_init)
    node1_init                               0x080024a1   Thumb Code    60  copley_node1.o(i.node1_init)
    i.node1_nmt_reset                        0x08002510   Section        0  copley_node1.o(i.node1_nmt_reset)
    node1_nmt_reset                          0x08002511   Thumb Code    14  copley_node1.o(i.node1_nmt_reset)
    i.node1_ppm_init                         0x08002524   Section        0  copley_node1.o(i.node1_ppm_init)
    node1_ppm_init                           0x08002525   Thumb Code   178  copley_node1.o(i.node1_ppm_init)
    i.node1_ppm_set_target                   0x080025dc   Section        0  copley_node1.o(i.node1_ppm_set_target)
    i.node1_quick_stop                       0x0800266c   Section        0  copley_node1.o(i.node1_quick_stop)
    node1_quick_stop                         0x0800266d   Thumb Code    78  copley_node1.o(i.node1_quick_stop)
    i.node1_set_op_mode                      0x080026c0   Section        0  copley_node1.o(i.node1_set_op_mode)
    node1_set_op_mode                        0x080026c1   Thumb Code    16  copley_node1.o(i.node1_set_op_mode)
    i.node1_set_target                       0x080026d0   Section        0  copley_node1.o(i.node1_set_target)
    i.node1_start                            0x08002828   Section        0  copley_node1.o(i.node1_start)
    node1_start                              0x08002829   Thumb Code   244  copley_node1.o(i.node1_start)
    i.node1_state_reset                      0x08002920   Section        0  copley_node1.o(i.node1_state_reset)
    node1_state_reset                        0x08002921   Thumb Code    76  copley_node1.o(i.node1_state_reset)
    i.node1_update                           0x08002970   Section        0  copley_node1.o(i.node1_update)
    node1_update                             0x08002971   Thumb Code   268  copley_node1.o(i.node1_update)
    i.node2_fault_reset                      0x08002a80   Section        0  copley_node2.o(i.node2_fault_reset)
    node2_fault_reset                        0x08002a81   Thumb Code    78  copley_node2.o(i.node2_fault_reset)
    i.node2_halt                             0x08002ad4   Section        0  copley_node2.o(i.node2_halt)
    i.node2_init                             0x08002b24   Section        0  copley_node2.o(i.node2_init)
    node2_init                               0x08002b25   Thumb Code    60  copley_node2.o(i.node2_init)
    i.node2_nmt_reset                        0x08002b94   Section        0  copley_node2.o(i.node2_nmt_reset)
    node2_nmt_reset                          0x08002b95   Thumb Code    14  copley_node2.o(i.node2_nmt_reset)
    i.node2_ppm_init                         0x08002ba8   Section        0  copley_node2.o(i.node2_ppm_init)
    node2_ppm_init                           0x08002ba9   Thumb Code   178  copley_node2.o(i.node2_ppm_init)
    i.node2_ppm_set_target                   0x08002c60   Section        0  copley_node2.o(i.node2_ppm_set_target)
    i.node2_quick_stop                       0x08002cf0   Section        0  copley_node2.o(i.node2_quick_stop)
    node2_quick_stop                         0x08002cf1   Thumb Code    78  copley_node2.o(i.node2_quick_stop)
    i.node2_set_op_mode                      0x08002d44   Section        0  copley_node2.o(i.node2_set_op_mode)
    node2_set_op_mode                        0x08002d45   Thumb Code    16  copley_node2.o(i.node2_set_op_mode)
    i.node2_set_target                       0x08002d54   Section        0  copley_node2.o(i.node2_set_target)
    i.node2_start                            0x08002eac   Section        0  copley_node2.o(i.node2_start)
    node2_start                              0x08002ead   Thumb Code   244  copley_node2.o(i.node2_start)
    i.node2_state_reset                      0x08002fa4   Section        0  copley_node2.o(i.node2_state_reset)
    node2_state_reset                        0x08002fa5   Thumb Code    76  copley_node2.o(i.node2_state_reset)
    i.node2_update                           0x08002ff4   Section        0  copley_node2.o(i.node2_update)
    node2_update                             0x08002ff5   Thumb Code   268  copley_node2.o(i.node2_update)
    i.other_init_msg                         0x08003104   Section        0  copley_node1.o(i.other_init_msg)
    other_init_msg                           0x08003105   Thumb Code    56  copley_node1.o(i.other_init_msg)
    i.other_init_msg                         0x08003144   Section        0  copley_node2.o(i.other_init_msg)
    other_init_msg                           0x08003145   Thumb Code    56  copley_node2.o(i.other_init_msg)
    i.pid_control                            0x08003184   Section        0  pid.o(i.pid_control)
    i.read_addr                              0x080031b0   Section        0  usmart.o(i.read_addr)
    i.read_sdo                               0x080031b8   Section        0  test.o(i.read_sdo)
    i.send_sync                              0x08003208   Section        0  copley_control.o(i.send_sync)
    i.send_sync                              0x08003220   Section        0  copley_node1.o(i.send_sync)
    send_sync                                0x08003221   Thumb Code    18  copley_node1.o(i.send_sync)
    i.send_sync                              0x08003232   Section        0  copley_node2.o(i.send_sync)
    send_sync                                0x08003233   Thumb Code    18  copley_node2.o(i.send_sync)
    i.set_kd                                 0x08003244   Section        0  test.o(i.set_kd)
    i.set_kp                                 0x08003268   Section        0  test.o(i.set_kp)
    i.set_led                                0x0800328c   Section        0  soft_switch.o(i.set_led)
    i.set_nmt_state                          0x080032a0   Section        0  copley_node1.o(i.set_nmt_state)
    set_nmt_state                            0x080032a1   Thumb Code    62  copley_node1.o(i.set_nmt_state)
    i.set_nmt_state                          0x080032f0   Section        0  copley_node2.o(i.set_nmt_state)
    set_nmt_state                            0x080032f1   Thumb Code    62  copley_node2.o(i.set_nmt_state)
    i.set_sdo                                0x08003340   Section        0  test.o(i.set_sdo)
    i.set_start                              0x0800337c   Section        0  test.o(i.set_start)
    i.set_start2                             0x0800339c   Section        0  test.o(i.set_start2)
    i.show_pid                               0x080033bc   Section        0  test.o(i.show_pid)
    i.uart_init                              0x080033c0   Section        0  usart.o(i.uart_init)
    i.usmart_cmd_rec                         0x0800347c   Section        0  usmart.o(i.usmart_cmd_rec)
    i.usmart_exe                             0x0800352c   Section        0  usmart.o(i.usmart_exe)
    i.usmart_get_aparm                       0x08003800   Section        0  usmart_str.o(i.usmart_get_aparm)
    i.usmart_get_cmdname                     0x080038d4   Section        0  usmart_str.o(i.usmart_get_cmdname)
    i.usmart_get_fname                       0x0800390c   Section        0  usmart_str.o(i.usmart_get_fname)
    i.usmart_get_fparam                      0x08003acc   Section        0  usmart_str.o(i.usmart_get_fparam)
    i.usmart_get_parmpos                     0x08003bd8   Section        0  usmart_str.o(i.usmart_get_parmpos)
    i.usmart_get_runtime                     0x08003bf8   Section        0  usmart.o(i.usmart_get_runtime)
    i.usmart_init                            0x08003c38   Section        0  usmart.o(i.usmart_init)
    i.usmart_pow                             0x08003c60   Section        0  usmart_str.o(i.usmart_pow)
    i.usmart_reset_runtime                   0x08003c78   Section        0  usmart.o(i.usmart_reset_runtime)
    i.usmart_scan                            0x08003ca8   Section        0  usmart.o(i.usmart_scan)
    i.usmart_search_nextc                    0x08003d64   Section        0  usmart_str.o(i.usmart_search_nextc)
    i.usmart_str2num                         0x08003d7a   Section        0  usmart_str.o(i.usmart_str2num)
    i.usmart_strcmp                          0x08003e80   Section        0  usmart_str.o(i.usmart_strcmp)
    i.usmart_strcopy                         0x08003ea2   Section        0  usmart_str.o(i.usmart_strcopy)
    i.usmart_strlen                          0x08003eb8   Section        0  usmart_str.o(i.usmart_strlen)
    i.usmart_sys_cmd_exe                     0x08003ed0   Section        0  usmart.o(i.usmart_sys_cmd_exe)
    i.write_addr                             0x080045c4   Section        0  usmart.o(i.write_addr)
    x$fpl$fpinit                             0x080045c8   Section       10  fpinit.o(x$fpl$fpinit)
    $v0                                      0x080045c8   Number         0  fpinit.o(x$fpl$fpinit)
    .constdata                               0x080045d2   Section       40  _printf_hex_int.o(.constdata)
    uc_hextab                                0x080045d2   Data          20  _printf_hex_int.o(.constdata)
    lc_hextab                                0x080045e6   Data          20  _printf_hex_int.o(.constdata)
    .constdata                               0x080045fa   Section       17  __printf_flags_ss_wp.o(.constdata)
    maptable                                 0x080045fa   Data          17  __printf_flags_ss_wp.o(.constdata)
    .conststring                             0x0800460c   Section       40  usmart.o(.conststring)
    .conststring                             0x08004634   Section      396  usmart_config.o(.conststring)
    .data                                    0x20020000   Section      268  test.o(.data)
    node2_2                                  0x200200d4   Data          28  test.o(.data)
    node1_2                                  0x200200f0   Data          28  test.o(.data)
    .data                                    0x2002010c   Section      144  copley_node1.o(.data)
    .data                                    0x2002019c   Section      144  copley_node2.o(.data)
    .data                                    0x2002022c   Section        1  uart.o(.data)
    .data                                    0x20020230   Section       13  timer.o(.data)
    led1sta                                  0x2002023c   Data           1  timer.o(.data)
    .data                                    0x20020240   Section       28  usmart.o(.data)
    .data                                    0x2002025c   Section      356  usmart_config.o(.data)
    .data                                    0x200203c0   Section        4  delay.o(.data)
    fac_us                                   0x200203c0   Data           1  delay.o(.data)
    fac_ms                                   0x200203c2   Data           2  delay.o(.data)
    .data                                    0x200203c4   Section        6  usart.o(.data)
    .bss                                     0x200203cc   Section       40  test.o(.bss)
    .bss                                     0x200203f4   Section       10  uart.o(.bss)
    .bss                                     0x200203fe   Section      200  usart.o(.bss)
    .bss                                     0x200204c8   Section       96  libspace.o(.bss)
    HEAP                                     0x20020528   Section        0  startup_stm32f767xx.o(HEAP)
    STACK                                    0x20020528   Section     2048  startup_stm32f767xx.o(STACK)
    Heap_Mem                                 0x20020528   Data           0  startup_stm32f767xx.o(HEAP)
    Stack_Mem                                0x20020528   Data        2048  startup_stm32f767xx.o(STACK)
    __initial_sp                             0x20020d28   Data           0  startup_stm32f767xx.o(STACK)

    Global Symbols

    Symbol Name                              Value     Ov Type        Size  Object(Section)

    BuildAttributes$$THM_ISAv4$E$P$D$K$B$S$7EM$VFPv5_D16$PE$PLD8$A:L22UL41UL21$X:L11$S22US41US21$IEEE1$IW$USESV6$~STKCKD$USESV7$~SHL$OSPACE$ROPI$EBA8$UX$STANDARDLIB$REQ8$PRES8$EABIv2 0x00000000   Number         0  anon$$obj.o ABSOLUTE
    __ARM_use_no_argv                        0x00000000   Number         0  test.o ABSOLUTE
    _printf_flags                            0x00000000   Number         0  printf_stubs.o ABSOLUTE
    _printf_return_value                     0x00000000   Number         0  printf_stubs.o ABSOLUTE
    _printf_sizespec                         0x00000000   Number         0  printf_stubs.o ABSOLUTE
    _printf_widthprec                        0x00000000   Number         0  printf_stubs.o ABSOLUTE
    __ARM_exceptions_init                     - Undefined Weak Reference
    __alloca_initialize                       - Undefined Weak Reference
    __arm_preinit_                            - Undefined Weak Reference
    __cpp_initialize__aeabi_                  - Undefined Weak Reference
    __cxa_finalize                            - Undefined Weak Reference
    __rt_locale                               - Undefined Weak Reference
    __sigvec_lookup                           - Undefined Weak Reference
    _atexit_init                              - Undefined Weak Reference
    _call_atexit_fns                          - Undefined Weak Reference
    _clock_init                               - Undefined Weak Reference
    _fp_trap_init                             - Undefined Weak Reference
    _fp_trap_shutdown                         - Undefined Weak Reference
    _get_lc_collate                           - Undefined Weak Reference
    _get_lc_ctype                             - Undefined Weak Reference
    _get_lc_monetary                          - Undefined Weak Reference
    _get_lc_numeric                           - Undefined Weak Reference
    _get_lc_time                              - Undefined Weak Reference
    _getenv_init                              - Undefined Weak Reference
    _handle_redirection                       - Undefined Weak Reference
    _init_alloc                               - Undefined Weak Reference
    _init_user_alloc                          - Undefined Weak Reference
    _initio                                   - Undefined Weak Reference
    _mutex_acquire                            - Undefined Weak Reference
    _mutex_release                            - Undefined Weak Reference
    _printf_mbtowc                            - Undefined Weak Reference
    _printf_truncate_signed                   - Undefined Weak Reference
    _printf_truncate_unsigned                 - Undefined Weak Reference
    _rand_init                                - Undefined Weak Reference
    _signal_finish                            - Undefined Weak Reference
    _signal_init                              - Undefined Weak Reference
    _terminate_alloc                          - Undefined Weak Reference
    _terminate_user_alloc                     - Undefined Weak Reference
    _terminateio                              - Undefined Weak Reference
    __Vectors_Size                           0x000001f8   Number         0  startup_stm32f767xx.o ABSOLUTE
    __Vectors                                0x08000000   Data           4  startup_stm32f767xx.o(RESET)
    __Vectors_End                            0x080001f8   Data           0  startup_stm32f767xx.o(RESET)
    __main                                   0x080001f9   Thumb Code     8  __main.o(!!!main)
    __scatterload                            0x08000201   Thumb Code     0  __scatter.o(!!!scatter)
    __scatterload_rt2                        0x08000201   Thumb Code    44  __scatter.o(!!!scatter)
    __scatterload_rt2_thumb_only             0x08000201   Thumb Code     0  __scatter.o(!!!scatter)
    __scatterload_null                       0x0800020f   Thumb Code     0  __scatter.o(!!!scatter)
    __decompress                             0x08000235   Thumb Code    90  __dczerorl2.o(!!dczerorl2)
    __decompress1                            0x08000235   Thumb Code     0  __dczerorl2.o(!!dczerorl2)
    __scatterload_zeroinit                   0x08000291   Thumb Code    28  __scatter_zi.o(!!handler_zi)
    _printf_d                                0x080002ad   Thumb Code     0  _printf_d.o(.ARM.Collect$$_printf_percent$$00000009)
    _printf_percent                          0x080002ad   Thumb Code     0  _printf_percent.o(.ARM.Collect$$_printf_percent$$00000000)
    _printf_u                                0x080002b3   Thumb Code     0  _printf_u.o(.ARM.Collect$$_printf_percent$$0000000A)
    _printf_x                                0x080002b9   Thumb Code     0  _printf_x.o(.ARM.Collect$$_printf_percent$$0000000C)
    _printf_c                                0x080002bf   Thumb Code     0  _printf_c.o(.ARM.Collect$$_printf_percent$$00000013)
    _printf_s                                0x080002c5   Thumb Code     0  _printf_s.o(.ARM.Collect$$_printf_percent$$00000014)
    _printf_percent_end                      0x080002cb   Thumb Code     0  _printf_percent_end.o(.ARM.Collect$$_printf_percent$$00000017)
    __rt_lib_init                            0x080002cf   Thumb Code     0  libinit.o(.ARM.Collect$$libinit$$00000000)
    __rt_lib_init_fp_1                       0x080002d1   Thumb Code     0  libinit2.o(.ARM.Collect$$libinit$$00000001)
    __rt_lib_init_alloca_1                   0x080002d5   Thumb Code     0  libinit2.o(.ARM.Collect$$libinit$$0000002E)
    __rt_lib_init_argv_1                     0x080002d5   Thumb Code     0  libinit2.o(.ARM.Collect$$libinit$$0000002C)
    __rt_lib_init_atexit_1                   0x080002d5   Thumb Code     0  libinit2.o(.ARM.Collect$$libinit$$0000001B)
    __rt_lib_init_clock_1                    0x080002d5   Thumb Code     0  libinit2.o(.ARM.Collect$$libinit$$00000021)
    __rt_lib_init_cpp_1                      0x080002d5   Thumb Code     0  libinit2.o(.ARM.Collect$$libinit$$00000032)
    __rt_lib_init_exceptions_1               0x080002d5   Thumb Code     0  libinit2.o(.ARM.Collect$$libinit$$00000030)
    __rt_lib_init_fp_trap_1                  0x080002d5   Thumb Code     0  libinit2.o(.ARM.Collect$$libinit$$0000001F)
    __rt_lib_init_getenv_1                   0x080002d5   Thumb Code     0  libinit2.o(.ARM.Collect$$libinit$$00000023)
    __rt_lib_init_heap_1                     0x080002d5   Thumb Code     0  libinit2.o(.ARM.Collect$$libinit$$0000000A)
    __rt_lib_init_lc_collate_1               0x080002d5   Thumb Code     0  libinit2.o(.ARM.Collect$$libinit$$00000011)
    __rt_lib_init_lc_ctype_1                 0x080002d5   Thumb Code     0  libinit2.o(.ARM.Collect$$libinit$$00000013)
    __rt_lib_init_lc_monetary_1              0x080002d5   Thumb Code     0  libinit2.o(.ARM.Collect$$libinit$$00000015)
    __rt_lib_init_lc_numeric_1               0x080002d5   Thumb Code     0  libinit2.o(.ARM.Collect$$libinit$$00000017)
    __rt_lib_init_lc_time_1                  0x080002d5   Thumb Code     0  libinit2.o(.ARM.Collect$$libinit$$00000019)
    __rt_lib_init_preinit_1                  0x080002d5   Thumb Code     0  libinit2.o(.ARM.Collect$$libinit$$00000004)
    __rt_lib_init_rand_1                     0x080002d5   Thumb Code     0  libinit2.o(.ARM.Collect$$libinit$$0000000E)
    __rt_lib_init_return                     0x080002d5   Thumb Code     0  libinit2.o(.ARM.Collect$$libinit$$00000033)
    __rt_lib_init_signal_1                   0x080002d5   Thumb Code     0  libinit2.o(.ARM.Collect$$libinit$$0000001D)
    __rt_lib_init_stdio_1                    0x080002d5   Thumb Code     0  libinit2.o(.ARM.Collect$$libinit$$00000025)
    __rt_lib_init_user_alloc_1               0x080002d5   Thumb Code     0  libinit2.o(.ARM.Collect$$libinit$$0000000C)
    __rt_lib_shutdown                        0x080002d7   Thumb Code     0  libshutdown.o(.ARM.Collect$$libshutdown$$00000000)
    __rt_lib_shutdown_cpp_1                  0x080002d9   Thumb Code     0  libshutdown2.o(.ARM.Collect$$libshutdown$$00000002)
    __rt_lib_shutdown_fp_trap_1              0x080002d9   Thumb Code     0  libshutdown2.o(.ARM.Collect$$libshutdown$$00000007)
    __rt_lib_shutdown_heap_1                 0x080002d9   Thumb Code     0  libshutdown2.o(.ARM.Collect$$libshutdown$$0000000F)
    __rt_lib_shutdown_return                 0x080002d9   Thumb Code     0  libshutdown2.o(.ARM.Collect$$libshutdown$$00000010)
    __rt_lib_shutdown_signal_1               0x080002d9   Thumb Code     0  libshutdown2.o(.ARM.Collect$$libshutdown$$0000000A)
    __rt_lib_shutdown_stdio_1                0x080002d9   Thumb Code     0  libshutdown2.o(.ARM.Collect$$libshutdown$$00000004)
    __rt_lib_shutdown_user_alloc_1           0x080002d9   Thumb Code     0  libshutdown2.o(.ARM.Collect$$libshutdown$$0000000C)
    __rt_entry                               0x080002db   Thumb Code     0  __rtentry.o(.ARM.Collect$$rtentry$$00000000)
    __rt_entry_presh_1                       0x080002db   Thumb Code     0  __rtentry2.o(.ARM.Collect$$rtentry$$00000002)
    __rt_entry_sh                            0x080002db   Thumb Code     0  __rtentry4.o(.ARM.Collect$$rtentry$$00000004)
    __rt_entry_li                            0x080002e1   Thumb Code     0  __rtentry2.o(.ARM.Collect$$rtentry$$0000000A)
    __rt_entry_postsh_1                      0x080002e1   Thumb Code     0  __rtentry2.o(.ARM.Collect$$rtentry$$00000009)
    __rt_entry_main                          0x080002e5   Thumb Code     0  __rtentry2.o(.ARM.Collect$$rtentry$$0000000D)
    __rt_entry_postli_1                      0x080002e5   Thumb Code     0  __rtentry2.o(.ARM.Collect$$rtentry$$0000000C)
    __rt_exit                                0x080002ed   Thumb Code     0  rtexit.o(.ARM.Collect$$rtexit$$00000000)
    __rt_exit_ls                             0x080002ef   Thumb Code     0  rtexit2.o(.ARM.Collect$$rtexit$$00000003)
    __rt_exit_prels_1                        0x080002ef   Thumb Code     0  rtexit2.o(.ARM.Collect$$rtexit$$00000002)
    __rt_exit_exit                           0x080002f3   Thumb Code     0  rtexit2.o(.ARM.Collect$$rtexit$$00000004)
    Reset_Handler                            0x080002f9   Thumb Code    36  startup_stm32f767xx.o(.text)
    NMI_Handler                              0x0800031d   Thumb Code     2  startup_stm32f767xx.o(.text)
    HardFault_Handler                        0x0800031f   Thumb Code     2  startup_stm32f767xx.o(.text)
    BusFault_Handler                         0x08000323   Thumb Code     2  startup_stm32f767xx.o(.text)
    UsageFault_Handler                       0x08000325   Thumb Code     2  startup_stm32f767xx.o(.text)
    SVC_Handler                              0x08000327   Thumb Code     2  startup_stm32f767xx.o(.text)
    DebugMon_Handler                         0x08000329   Thumb Code     2  startup_stm32f767xx.o(.text)
    PendSV_Handler                           0x0800032b   Thumb Code     2  startup_stm32f767xx.o(.text)
    SysTick_Handler                          0x0800032d   Thumb Code     2  startup_stm32f767xx.o(.text)
    ADC_IRQHandler                           0x0800032f   Thumb Code     0  startup_stm32f767xx.o(.text)
    CAN1_RX1_IRQHandler                      0x0800032f   Thumb Code     0  startup_stm32f767xx.o(.text)
    CAN1_SCE_IRQHandler                      0x0800032f   Thumb Code     0  startup_stm32f767xx.o(.text)
    CAN1_TX_IRQHandler                       0x0800032f   Thumb Code     0  startup_stm32f767xx.o(.text)
    CAN2_RX0_IRQHandler                      0x0800032f   Thumb Code     0  startup_stm32f767xx.o(.text)
    CAN2_RX1_IRQHandler                      0x0800032f   Thumb Code     0  startup_stm32f767xx.o(.text)
    CAN2_SCE_IRQHandler                      0x0800032f   Thumb Code     0  startup_stm32f767xx.o(.text)
    CAN2_TX_IRQHandler                       0x0800032f   Thumb Code     0  startup_stm32f767xx.o(.text)
    CAN3_RX0_IRQHandler                      0x0800032f   Thumb Code     0  startup_stm32f767xx.o(.text)
    CAN3_RX1_IRQHandler                      0x0800032f   Thumb Code     0  startup_stm32f767xx.o(.text)
    CAN3_SCE_IRQHandler                      0x0800032f   Thumb Code     0  startup_stm32f767xx.o(.text)
    CAN3_TX_IRQHandler                       0x0800032f   Thumb Code     0  startup_stm32f767xx.o(.text)
    CEC_IRQHandler                           0x0800032f   Thumb Code     0  startup_stm32f767xx.o(.text)
    DCMI_IRQHandler                          0x0800032f   Thumb Code     0  startup_stm32f767xx.o(.text)
    DFSDM1_FLT0_IRQHandler                   0x0800032f   Thumb Code     0  startup_stm32f767xx.o(.text)
    DFSDM1_FLT1_IRQHandler                   0x0800032f   Thumb Code     0  startup_stm32f767xx.o(.text)
    DFSDM1_FLT2_IRQHandler                   0x0800032f   Thumb Code     0  startup_stm32f767xx.o(.text)
    DFSDM1_FLT3_IRQHandler                   0x0800032f   Thumb Code     0  startup_stm32f767xx.o(.text)
    DMA1_Stream0_IRQHandler                  0x0800032f   Thumb Code     0  startup_stm32f767xx.o(.text)
    DMA1_Stream1_IRQHandler                  0x0800032f   Thumb Code     0  startup_stm32f767xx.o(.text)
    DMA1_Stream2_IRQHandler                  0x0800032f   Thumb Code     0  startup_stm32f767xx.o(.text)
    DMA1_Stream3_IRQHandler                  0x0800032f   Thumb Code     0  startup_stm32f767xx.o(.text)
    DMA1_Stream4_IRQHandler                  0x0800032f   Thumb Code     0  startup_stm32f767xx.o(.text)
    DMA1_Stream5_IRQHandler                  0x0800032f   Thumb Code     0  startup_stm32f767xx.o(.text)
    DMA1_Stream6_IRQHandler                  0x0800032f   Thumb Code     0  startup_stm32f767xx.o(.text)
    DMA1_Stream7_IRQHandler                  0x0800032f   Thumb Code     0  startup_stm32f767xx.o(.text)
    DMA2D_IRQHandler                         0x0800032f   Thumb Code     0  startup_stm32f767xx.o(.text)
    DMA2_Stream0_IRQHandler                  0x0800032f   Thumb Code     0  startup_stm32f767xx.o(.text)
    DMA2_Stream1_IRQHandler                  0x0800032f   Thumb Code     0  startup_stm32f767xx.o(.text)
    DMA2_Stream2_IRQHandler                  0x0800032f   Thumb Code     0  startup_stm32f767xx.o(.text)
    DMA2_Stream3_IRQHandler                  0x0800032f   Thumb Code     0  startup_stm32f767xx.o(.text)
    DMA2_Stream4_IRQHandler                  0x0800032f   Thumb Code     0  startup_stm32f767xx.o(.text)
    DMA2_Stream5_IRQHandler                  0x0800032f   Thumb Code     0  startup_stm32f767xx.o(.text)
    DMA2_Stream6_IRQHandler                  0x0800032f   Thumb Code     0  startup_stm32f767xx.o(.text)
    DMA2_Stream7_IRQHandler                  0x0800032f   Thumb Code     0  startup_stm32f767xx.o(.text)
    ETH_IRQHandler                           0x0800032f   Thumb Code     0  startup_stm32f767xx.o(.text)
    ETH_WKUP_IRQHandler                      0x0800032f   Thumb Code     0  startup_stm32f767xx.o(.text)
    EXTI0_IRQHandler                         0x0800032f   Thumb Code     0  startup_stm32f767xx.o(.text)
    EXTI15_10_IRQHandler                     0x0800032f   Thumb Code     0  startup_stm32f767xx.o(.text)
    EXTI1_IRQHandler                         0x0800032f   Thumb Code     0  startup_stm32f767xx.o(.text)
    EXTI2_IRQHandler                         0x0800032f   Thumb Code     0  startup_stm32f767xx.o(.text)
    EXTI3_IRQHandler                         0x0800032f   Thumb Code     0  startup_stm32f767xx.o(.text)
    EXTI4_IRQHandler                         0x0800032f   Thumb Code     0  startup_stm32f767xx.o(.text)
    EXTI9_5_IRQHandler                       0x0800032f   Thumb Code     0  startup_stm32f767xx.o(.text)
    FLASH_IRQHandler                         0x0800032f   Thumb Code     0  startup_stm32f767xx.o(.text)
    FMC_IRQHandler                           0x0800032f   Thumb Code     0  startup_stm32f767xx.o(.text)
    FPU_IRQHandler                           0x0800032f   Thumb Code     0  startup_stm32f767xx.o(.text)
    I2C1_ER_IRQHandler                       0x0800032f   Thumb Code     0  startup_stm32f767xx.o(.text)
    I2C1_EV_IRQHandler                       0x0800032f   Thumb Code     0  startup_stm32f767xx.o(.text)
    I2C2_ER_IRQHandler                       0x0800032f   Thumb Code     0  startup_stm32f767xx.o(.text)
    I2C2_EV_IRQHandler                       0x0800032f   Thumb Code     0  startup_stm32f767xx.o(.text)
    I2C3_ER_IRQHandler                       0x0800032f   Thumb Code     0  startup_stm32f767xx.o(.text)
    I2C3_EV_IRQHandler                       0x0800032f   Thumb Code     0  startup_stm32f767xx.o(.text)
    I2C4_ER_IRQHandler                       0x0800032f   Thumb Code     0  startup_stm32f767xx.o(.text)
    I2C4_EV_IRQHandler                       0x0800032f   Thumb Code     0  startup_stm32f767xx.o(.text)
    JPEG_IRQHandler                          0x0800032f   Thumb Code     0  startup_stm32f767xx.o(.text)
    LPTIM1_IRQHandler                        0x0800032f   Thumb Code     0  startup_stm32f767xx.o(.text)
    LTDC_ER_IRQHandler                       0x0800032f   Thumb Code     0  startup_stm32f767xx.o(.text)
    LTDC_IRQHandler                          0x0800032f   Thumb Code     0  startup_stm32f767xx.o(.text)
    MDIOS_IRQHandler                         0x0800032f   Thumb Code     0  startup_stm32f767xx.o(.text)
    OTG_FS_IRQHandler                        0x0800032f   Thumb Code     0  startup_stm32f767xx.o(.text)
    OTG_FS_WKUP_IRQHandler                   0x0800032f   Thumb Code     0  startup_stm32f767xx.o(.text)
    OTG_HS_EP1_IN_IRQHandler                 0x0800032f   Thumb Code     0  startup_stm32f767xx.o(.text)
    OTG_HS_EP1_OUT_IRQHandler                0x0800032f   Thumb Code     0  startup_stm32f767xx.o(.text)
    OTG_HS_IRQHandler                        0x0800032f   Thumb Code     0  startup_stm32f767xx.o(.text)
    OTG_HS_WKUP_IRQHandler                   0x0800032f   Thumb Code     0  startup_stm32f767xx.o(.text)
    PVD_IRQHandler                           0x0800032f   Thumb Code     0  startup_stm32f767xx.o(.text)
    QUADSPI_IRQHandler                       0x0800032f   Thumb Code     0  startup_stm32f767xx.o(.text)
    RCC_IRQHandler                           0x0800032f   Thumb Code     0  startup_stm32f767xx.o(.text)
    RNG_IRQHandler                           0x0800032f   Thumb Code     0  startup_stm32f767xx.o(.text)
    RTC_Alarm_IRQHandler                     0x0800032f   Thumb Code     0  startup_stm32f767xx.o(.text)
    RTC_WKUP_IRQHandler                      0x0800032f   Thumb Code     0  startup_stm32f767xx.o(.text)
    SAI1_IRQHandler                          0x0800032f   Thumb Code     0  startup_stm32f767xx.o(.text)
    SAI2_IRQHandler                          0x0800032f   Thumb Code     0  startup_stm32f767xx.o(.text)
    SDMMC1_IRQHandler                        0x0800032f   Thumb Code     0  startup_stm32f767xx.o(.text)
    SDMMC2_IRQHandler                        0x0800032f   Thumb Code     0  startup_stm32f767xx.o(.text)
    SPDIF_RX_IRQHandler                      0x0800032f   Thumb Code     0  startup_stm32f767xx.o(.text)
    SPI1_IRQHandler                          0x0800032f   Thumb Code     0  startup_stm32f767xx.o(.text)
    SPI2_IRQHandler                          0x0800032f   Thumb Code     0  startup_stm32f767xx.o(.text)
    SPI3_IRQHandler                          0x0800032f   Thumb Code     0  startup_stm32f767xx.o(.text)
    SPI4_IRQHandler                          0x0800032f   Thumb Code     0  startup_stm32f767xx.o(.text)
    SPI5_IRQHandler                          0x0800032f   Thumb Code     0  startup_stm32f767xx.o(.text)
    SPI6_IRQHandler                          0x0800032f   Thumb Code     0  startup_stm32f767xx.o(.text)
    TAMP_STAMP_IRQHandler                    0x0800032f   Thumb Code     0  startup_stm32f767xx.o(.text)
    TIM1_BRK_TIM9_IRQHandler                 0x0800032f   Thumb Code     0  startup_stm32f767xx.o(.text)
    TIM1_CC_IRQHandler                       0x0800032f   Thumb Code     0  startup_stm32f767xx.o(.text)
    TIM1_TRG_COM_TIM11_IRQHandler            0x0800032f   Thumb Code     0  startup_stm32f767xx.o(.text)
    TIM1_UP_TIM10_IRQHandler                 0x0800032f   Thumb Code     0  startup_stm32f767xx.o(.text)
    TIM2_IRQHandler                          0x0800032f   Thumb Code     0  startup_stm32f767xx.o(.text)
    TIM6_DAC_IRQHandler                      0x0800032f   Thumb Code     0  startup_stm32f767xx.o(.text)
    TIM7_IRQHandler                          0x0800032f   Thumb Code     0  startup_stm32f767xx.o(.text)
    TIM8_BRK_TIM12_IRQHandler                0x0800032f   Thumb Code     0  startup_stm32f767xx.o(.text)
    TIM8_CC_IRQHandler                       0x0800032f   Thumb Code     0  startup_stm32f767xx.o(.text)
    TIM8_TRG_COM_TIM14_IRQHandler            0x0800032f   Thumb Code     0  startup_stm32f767xx.o(.text)
    TIM8_UP_TIM13_IRQHandler                 0x0800032f   Thumb Code     0  startup_stm32f767xx.o(.text)
    UART4_IRQHandler                         0x0800032f   Thumb Code     0  startup_stm32f767xx.o(.text)
    UART5_IRQHandler                         0x0800032f   Thumb Code     0  startup_stm32f767xx.o(.text)
    UART7_IRQHandler                         0x0800032f   Thumb Code     0  startup_stm32f767xx.o(.text)
    UART8_IRQHandler                         0x0800032f   Thumb Code     0  startup_stm32f767xx.o(.text)
    USART6_IRQHandler                        0x0800032f   Thumb Code     0  startup_stm32f767xx.o(.text)
    WWDG_IRQHandler                          0x0800032f   Thumb Code     0  startup_stm32f767xx.o(.text)
    __user_initial_stackheap                 0x08000331   Thumb Code     0  startup_stm32f767xx.o(.text)
    __use_no_semihosting                     0x08000355   Thumb Code     2  use_no_semi_2.o(.text)
    __2printf                                0x08000359   Thumb Code    20  noretval__2printf.o(.text)
    _printf_pre_padding                      0x08000371   Thumb Code    44  _printf_pad.o(.text)
    _printf_post_padding                     0x0800039d   Thumb Code    34  _printf_pad.o(.text)
    _printf_str                              0x080003bf   Thumb Code    82  _printf_str.o(.text)
    _printf_int_dec                          0x08000411   Thumb Code   104  _printf_dec.o(.text)
    _printf_int_hex                          0x08000489   Thumb Code    84  _printf_hex_int.o(.text)
    _printf_longlong_hex                     0x08000489   Thumb Code     0  _printf_hex_int.o(.text)
    __printf                                 0x080004e1   Thumb Code   388  __printf_flags_ss_wp.o(.text)
    __aeabi_memclr4                          0x08000669   Thumb Code     0  rt_memclr_w.o(.text)
    __aeabi_memclr8                          0x08000669   Thumb Code     0  rt_memclr_w.o(.text)
    __rt_memclr_w                            0x08000669   Thumb Code    78  rt_memclr_w.o(.text)
    _memset_w                                0x0800066d   Thumb Code     0  rt_memclr_w.o(.text)
    __use_two_region_memory                  0x080006b7   Thumb Code     2  heapauxi.o(.text)
    __rt_heap_escrow$2region                 0x080006b9   Thumb Code     2  heapauxi.o(.text)
    __rt_heap_expand$2region                 0x080006bb   Thumb Code     2  heapauxi.o(.text)
    __I$use$semihosting                      0x080006bd   Thumb Code     0  use_no_semi.o(.text)
    __use_no_semihosting_swi                 0x080006bd   Thumb Code     2  use_no_semi.o(.text)
    _printf_int_common                       0x080006bf   Thumb Code   178  _printf_intcommon.o(.text)
    _printf_cs_common                        0x08000771   Thumb Code    20  _printf_char.o(.text)
    _printf_char                             0x08000785   Thumb Code    16  _printf_char.o(.text)
    _printf_string                           0x08000795   Thumb Code     8  _printf_char.o(.text)
    _printf_char_file                        0x0800079d   Thumb Code    32  _printf_char_file.o(.text)
    _printf_char_common                      0x080007cb   Thumb Code    32  _printf_char_common.o(.text)
    ferror                                   0x080007f1   Thumb Code     8  ferror.o(.text)
    __user_setup_stackheap                   0x080007f9   Thumb Code    74  sys_stackheap_outer.o(.text)
    exit                                     0x08000843   Thumb Code    18  exit.o(.text)
    __user_libspace                          0x08000855   Thumb Code     8  libspace.o(.text)
    __user_perproc_libspace                  0x08000855   Thumb Code     0  libspace.o(.text)
    __user_perthread_libspace                0x08000855   Thumb Code     0  libspace.o(.text)
    ANO_report                               0x0800085d   Thumb Code   130  ano.o(i.ANO_report)
    ANO_send                                 0x080008df   Thumb Code    88  ano.o(i.ANO_send)
    CAN1_Mode_Init                           0x08000939   Thumb Code   458  can.o(i.CAN1_Mode_Init)
    CAN1_RX0_IRQHandler                      0x08000b15   Thumb Code   116  can.o(i.CAN1_RX0_IRQHandler)
    CAN1_Rx_Msg                              0x08000b91   Thumb Code   208  can.o(i.CAN1_Rx_Msg)
    CAN1_Send_Msg                            0x08000c69   Thumb Code    82  can.o(i.CAN1_Send_Msg)
    CAN1_Tx_Msg                              0x08000cbd   Thumb Code   260  can.o(i.CAN1_Tx_Msg)
    CAN1_Tx_Staus                            0x08000dc9   Thumb Code   126  can.o(i.CAN1_Tx_Staus)
    Cache_Enable                             0x08000e4d   Thumb Code   112  sys.o(i.Cache_Enable)
    GPIO_AF_Set                              0x08000ec5   Thumb Code    64  sys.o(i.GPIO_AF_Set)
    GPIO_Pin_Get                             0x08000f05   Thumb Code    16  sys.o(i.GPIO_Pin_Get)
    GPIO_Pin_Set                             0x08000f15   Thumb Code    16  sys.o(i.GPIO_Pin_Set)
    GPIO_Set                                 0x08000f25   Thumb Code   222  sys.o(i.GPIO_Set)
    MPU_Convert_Bytes_To_POT                 0x08001003   Thumb Code    18  mpu.o(i.MPU_Convert_Bytes_To_POT)
    MPU_Disable                              0x08001015   Thumb Code    30  mpu.o(i.MPU_Disable)
    MPU_Enable                               0x08001039   Thumb Code    24  mpu.o(i.MPU_Enable)
    MPU_Memory_Protection                    0x08001055   Thumb Code    92  mpu.o(i.MPU_Memory_Protection)
    MPU_Set_Protection                       0x080010b1   Thumb Code   104  mpu.o(i.MPU_Set_Protection)
    MY_NVIC_Init                             0x0800111d   Thumb Code   116  sys.o(i.MY_NVIC_Init)
    MY_NVIC_PriorityGroupConfig              0x08001195   Thumb Code    32  sys.o(i.MY_NVIC_PriorityGroupConfig)
    MY_NVIC_SetVectorTable                   0x080011bd   Thumb Code    12  sys.o(i.MY_NVIC_SetVectorTable)
    MemManage_Handler                        0x080011cd   Thumb Code    46  mpu.o(i.MemManage_Handler)
    SDRAM_Init                               0x080012c9   Thumb Code   688  sdram.o(i.SDRAM_Init)
    SDRAM_Send_Cmd                           0x08001595   Thumb Code    66  sdram.o(i.SDRAM_Send_Cmd)
    Stm32_Clock_Init                         0x080015dd   Thumb Code   100  sys.o(i.Stm32_Clock_Init)
    Sys_Clock_Set                            0x0800164d   Thumb Code   264  sys.o(i.Sys_Clock_Set)
    Sys_Soft_Reset                           0x08001761   Thumb Code     8  sys.o(i.Sys_Soft_Reset)
    TIM3_IRQHandler                          0x08001771   Thumb Code    84  timer.o(i.TIM3_IRQHandler)
    TIM3_Int_Init                            0x080017d9   Thumb Code    72  timer.o(i.TIM3_Int_Init)
    TIM4_IRQHandler                          0x08001829   Thumb Code    50  usmart.o(i.TIM4_IRQHandler)
    TIM5_IRQHandler                          0x08001865   Thumb Code   220  timer.o(i.TIM5_IRQHandler)
    Timer4_Init                              0x0800194d   Thumb Code    72  usmart.o(i.Timer4_Init)
    USART1_IRQHandler                        0x0800199d   Thumb Code   116  usart.o(i.USART1_IRQHandler)
    USART2_IRQHandler                        0x08001a1d   Thumb Code    82  uart.o(i.USART2_IRQHandler)
    USART2_Init                              0x08001a7d   Thumb Code   202  uart.o(i.USART2_Init)
    USART2_Send_char                         0x08001b59   Thumb Code    22  uart.o(i.USART2_Send_char)
    USART3_IRQHandler                        0x08001b75   Thumb Code    30  uart.o(i.USART3_IRQHandler)
    USART3_Init                              0x08001ba1   Thumb Code   204  uart.o(i.USART3_Init)
    USART3_Send_char                         0x08001c7d   Thumb Code    22  uart.o(i.USART3_Send_char)
    _is_digit                                0x08001c99   Thumb Code    14  __printf_wp.o(i._is_digit)
    _sys_exit                                0x08001ca7   Thumb Code     4  usart.o(i._sys_exit)
    creat_nmt_msg                            0x08001cab   Thumb Code    42  copley_control.o(i.creat_nmt_msg)
    creat_sdo_msg                            0x08001cd5   Thumb Code   174  copley_control.o(i.creat_sdo_msg)
    creat_sync_msg                           0x08001d95   Thumb Code    56  copley_control.o(i.creat_sync_msg)
    create_rpdo_msg                          0x08001dcd   Thumb Code    80  copley_control.o(i.create_rpdo_msg)
    delay_init                               0x08001e41   Thumb Code    46  delay.o(i.delay_init)
    delay_ms                                 0x08001e79   Thumb Code    56  delay.o(i.delay_ms)
    delay_us                                 0x08001eb1   Thumb Code    56  delay.o(i.delay_us)
    delay_xms                                0x08001eed   Thumb Code    56  delay.o(i.delay_xms)
    fputc                                    0x08001f29   Thumb Code    22  usart.o(i.fputc)
    get_switc_status                         0x08001f45   Thumb Code    14  soft_switch.o(i.get_switc_status)
    init_switch                              0x08001f59   Thumb Code    76  soft_switch.o(i.init_switch)
    main                                     0x08001fb1   Thumb Code   916  test.o(i.main)
    node1_halt                               0x08002451   Thumb Code    74  copley_node1.o(i.node1_halt)
    node1_ppm_set_target                     0x080025dd   Thumb Code   140  copley_node1.o(i.node1_ppm_set_target)
    node1_set_target                         0x080026d1   Thumb Code   324  copley_node1.o(i.node1_set_target)
    node2_halt                               0x08002ad5   Thumb Code    74  copley_node2.o(i.node2_halt)
    node2_ppm_set_target                     0x08002c61   Thumb Code   140  copley_node2.o(i.node2_ppm_set_target)
    node2_set_target                         0x08002d55   Thumb Code   324  copley_node2.o(i.node2_set_target)
    pid_control                              0x08003185   Thumb Code    44  pid.o(i.pid_control)
    read_addr                                0x080031b1   Thumb Code     6  usmart.o(i.read_addr)
    read_sdo                                 0x080031b9   Thumb Code    58  test.o(i.read_sdo)
    send_sync                                0x08003209   Thumb Code    24  copley_control.o(i.send_sync)
    set_kd                                   0x08003245   Thumb Code    18  test.o(i.set_kd)
    set_kp                                   0x08003269   Thumb Code    18  test.o(i.set_kp)
    set_led                                  0x0800328d   Thumb Code    16  soft_switch.o(i.set_led)
    set_sdo                                  0x08003341   Thumb Code    54  test.o(i.set_sdo)
    set_start                                0x0800337d   Thumb Code    18  test.o(i.set_start)
    set_start2                               0x0800339d   Thumb Code    18  test.o(i.set_start2)
    show_pid                                 0x080033bd   Thumb Code     2  test.o(i.show_pid)
    uart_init                                0x080033c1   Thumb Code   172  usart.o(i.uart_init)
    usmart_cmd_rec                           0x0800347d   Thumb Code   170  usmart.o(i.usmart_cmd_rec)
    usmart_exe                               0x0800352d   Thumb Code   632  usmart.o(i.usmart_exe)
    usmart_get_aparm                         0x08003801   Thumb Code   212  usmart_str.o(i.usmart_get_aparm)
    usmart_get_cmdname                       0x080038d5   Thumb Code    54  usmart_str.o(i.usmart_get_cmdname)
    usmart_get_fname                         0x0800390d   Thumb Code   440  usmart_str.o(i.usmart_get_fname)
    usmart_get_fparam                        0x08003acd   Thumb Code   262  usmart_str.o(i.usmart_get_fparam)
    usmart_get_parmpos                       0x08003bd9   Thumb Code    26  usmart_str.o(i.usmart_get_parmpos)
    usmart_get_runtime                       0x08003bf9   Thumb Code    56  usmart.o(i.usmart_get_runtime)
    usmart_init                              0x08003c39   Thumb Code    36  usmart.o(i.usmart_init)
    usmart_pow                               0x08003c61   Thumb Code    22  usmart_str.o(i.usmart_pow)
    usmart_reset_runtime                     0x08003c79   Thumb Code    38  usmart.o(i.usmart_reset_runtime)
    usmart_scan                              0x08003ca9   Thumb Code   120  usmart.o(i.usmart_scan)
    usmart_search_nextc                      0x08003d65   Thumb Code    22  usmart_str.o(i.usmart_search_nextc)
    usmart_str2num                           0x08003d7b   Thumb Code   262  usmart_str.o(i.usmart_str2num)
    usmart_strcmp                            0x08003e81   Thumb Code    34  usmart_str.o(i.usmart_strcmp)
    usmart_strcopy                           0x08003ea3   Thumb Code    22  usmart_str.o(i.usmart_strcopy)
    usmart_strlen                            0x08003eb9   Thumb Code    24  usmart_str.o(i.usmart_strlen)
    usmart_sys_cmd_exe                       0x08003ed1   Thumb Code  1570  usmart.o(i.usmart_sys_cmd_exe)
    write_addr                               0x080045c5   Thumb Code     4  usmart.o(i.write_addr)
    _fp_init                                 0x080045c9   Thumb Code    10  fpinit.o(x$fpl$fpinit)
    __fplib_config_fpu_vfp                   0x080045d1   Thumb Code     0  fpinit.o(x$fpl$fpinit)
    __fplib_config_pureend_doubles           0x080045d1   Thumb Code     0  fpinit.o(x$fpl$fpinit)
    Region$$Table$$Base                      0x080047c0   Number         0  anon$$obj.o(Region$$Table)
    Region$$Table$$Limit                     0x080047e0   Number         0  anon$$obj.o(Region$$Table)
    STEP                                     0x20020000   Data           4  test.o(.data)
    NODE1_FLAG                               0x20020004   Data           4  test.o(.data)
    NODE2_FLAG                               0x20020008   Data           4  test.o(.data)
    NODE2_MIN                                0x2002000c   Data           4  test.o(.data)
    NODE2_MAX                                0x20020010   Data           4  test.o(.data)
    NODE2_1_PRE                              0x20020014   Data           4  test.o(.data)
    NODE2_2_PRE                              0x20020018   Data           4  test.o(.data)
    NODE1_MIN                                0x2002001c   Data           4  test.o(.data)
    NODE1_MAX                                0x20020020   Data           4  test.o(.data)
    NODE1_1_PRE                              0x20020024   Data           4  test.o(.data)
    NODE1_2_PRE                              0x20020028   Data           4  test.o(.data)
    NIDE1_INI_POS                            0x2002002c   Data           4  test.o(.data)
    NODE2_INT_POS                            0x20020030   Data           4  test.o(.data)
    NODE2_ACTUAL_F_MAX                       0x20020034   Data           4  test.o(.data)
    NODE2_ACTUAL_B_MAX                       0x20020038   Data           4  test.o(.data)
    NODE1_ACTUAL_F_MAX                       0x2002003c   Data           4  test.o(.data)
    NODE1_ACTUAL_B_MAX                       0x20020040   Data           4  test.o(.data)
    node2_1                                  0x20020044   Data          28  test.o(.data)
    node2_2                                  0x20020060   Data          28  test.o(.data)
    node1_1                                  0x2002007c   Data          28  test.o(.data)
    node1_2                                  0x20020098   Data          28  test.o(.data)
    test_flag1                               0x200200b4   Data           4  test.o(.data)
    test_flag2                               0x200200b8   Data           4  test.o(.data)
    actual_position2                         0x200200bc   Data           4  test.o(.data)
    actual_position1                         0x200200c0   Data           4  test.o(.data)
    node2_1_flag                             0x200200c4   Data           4  test.o(.data)
    node2_2_flag                             0x200200c8   Data           4  test.o(.data)
    node1_1_flag                             0x200200cc   Data           4  test.o(.data)
    node1_2_flag                             0x200200d0   Data           4  test.o(.data)
    copley_node1                             0x2002010c   Data         144  copley_node1.o(.data)
    copley_node2                             0x2002019c   Data         144  copley_node2.o(.data)
    f4_data_index                            0x2002022c   Data           1  uart.o(.data)
    timer_interrupt_number                   0x20020230   Data           4  timer.o(.data)
    TIM5CH1_CAPTURE_STA                      0x20020234   Data           1  timer.o(.data)
    TIM5CH1_CAPTURE_VAL                      0x20020238   Data           4  timer.o(.data)
    sys_cmd_tab                              0x20020240   Data          28  usmart.o(.data)
    usmart_nametab                           0x2002025c   Data         112  usmart_config.o(.data)
    usmart_dev                               0x200202cc   Data         244  usmart_config.o(.data)
    __stdout                                 0x200203c4   Data           4  usart.o(.data)
    USART_RX_STA                             0x200203c8   Data           2  usart.o(.data)
    ano_data                                 0x200203cc   Data          40  test.o(.bss)
    f4_data                                  0x200203f4   Data          10  uart.o(.bss)
    USART_RX_BUF                             0x200203fe   Data         200  usart.o(.bss)
    __libspace_start                         0x200204c8   Data          96  libspace.o(.bss)
    __temporary_stack_top$libspace           0x20020528   Data           0  libspace.o(.bss)



==============================================================================

Memory Map of the image

  Image Entry point : 0x080001f9

  Load Region LR_IROM1 (Base: 0x08000000, Size: 0x00004bac, Max: 0x00100000, ABSOLUTE, COMPRESSED[0x00004914])

    Execution Region ER_IROM1 (Base: 0x08000000, Size: 0x000047e0, Max: 0x00100000, ABSOLUTE)

    Base Addr    Size         Type   Attr      Idx    E Section Name        Object

    0x08000000   0x000001f8   Data   RO          257    RESET               startup_stm32f767xx.o
    0x080001f8   0x00000008   Code   RO         1410  * !!!main             c_w.l(__main.o)
    0x08000200   0x00000034   Code   RO         1580    !!!scatter          c_w.l(__scatter.o)
    0x08000234   0x0000005a   Code   RO         1578    !!dczerorl2         c_w.l(__dczerorl2.o)
    0x0800028e   0x00000002   PAD
    0x08000290   0x0000001c   Code   RO         1582    !!handler_zi        c_w.l(__scatter_zi.o)
    0x080002ac   0x00000000   Code   RO         1403    .ARM.Collect$$_printf_percent$$00000000  c_w.l(_printf_percent.o)
    0x080002ac   0x00000006   Code   RO         1401    .ARM.Collect$$_printf_percent$$00000009  c_w.l(_printf_d.o)
    0x080002b2   0x00000006   Code   RO         1402    .ARM.Collect$$_printf_percent$$0000000A  c_w.l(_printf_u.o)
    0x080002b8   0x00000006   Code   RO         1400    .ARM.Collect$$_printf_percent$$0000000C  c_w.l(_printf_x.o)
    0x080002be   0x00000006   Code   RO         1398    .ARM.Collect$$_printf_percent$$00000013  c_w.l(_printf_c.o)
    0x080002c4   0x00000006   Code   RO         1399    .ARM.Collect$$_printf_percent$$00000014  c_w.l(_printf_s.o)
    0x080002ca   0x00000004   Code   RO         1421    .ARM.Collect$$_printf_percent$$00000017  c_w.l(_printf_percent_end.o)
    0x080002ce   0x00000002   Code   RO         1454    .ARM.Collect$$libinit$$00000000  c_w.l(libinit.o)
    0x080002d0   0x00000004   Code   RO         1460    .ARM.Collect$$libinit$$00000001  c_w.l(libinit2.o)
    0x080002d4   0x00000000   Code   RO         1463    .ARM.Collect$$libinit$$00000004  c_w.l(libinit2.o)
    0x080002d4   0x00000000   Code   RO         1466    .ARM.Collect$$libinit$$0000000A  c_w.l(libinit2.o)
    0x080002d4   0x00000000   Code   RO         1468    .ARM.Collect$$libinit$$0000000C  c_w.l(libinit2.o)
    0x080002d4   0x00000000   Code   RO         1470    .ARM.Collect$$libinit$$0000000E  c_w.l(libinit2.o)
    0x080002d4   0x00000000   Code   RO         1473    .ARM.Collect$$libinit$$00000011  c_w.l(libinit2.o)
    0x080002d4   0x00000000   Code   RO         1475    .ARM.Collect$$libinit$$00000013  c_w.l(libinit2.o)
    0x080002d4   0x00000000   Code   RO         1477    .ARM.Collect$$libinit$$00000015  c_w.l(libinit2.o)
    0x080002d4   0x00000000   Code   RO         1479    .ARM.Collect$$libinit$$00000017  c_w.l(libinit2.o)
    0x080002d4   0x00000000   Code   RO         1481    .ARM.Collect$$libinit$$00000019  c_w.l(libinit2.o)
    0x080002d4   0x00000000   Code   RO         1483    .ARM.Collect$$libinit$$0000001B  c_w.l(libinit2.o)
    0x080002d4   0x00000000   Code   RO         1485    .ARM.Collect$$libinit$$0000001D  c_w.l(libinit2.o)
    0x080002d4   0x00000000   Code   RO         1487    .ARM.Collect$$libinit$$0000001F  c_w.l(libinit2.o)
    0x080002d4   0x00000000   Code   RO         1489    .ARM.Collect$$libinit$$00000021  c_w.l(libinit2.o)
    0x080002d4   0x00000000   Code   RO         1491    .ARM.Collect$$libinit$$00000023  c_w.l(libinit2.o)
    0x080002d4   0x00000000   Code   RO         1493    .ARM.Collect$$libinit$$00000025  c_w.l(libinit2.o)
    0x080002d4   0x00000000   Code   RO         1497    .ARM.Collect$$libinit$$0000002C  c_w.l(libinit2.o)
    0x080002d4   0x00000000   Code   RO         1499    .ARM.Collect$$libinit$$0000002E  c_w.l(libinit2.o)
    0x080002d4   0x00000000   Code   RO         1501    .ARM.Collect$$libinit$$00000030  c_w.l(libinit2.o)
    0x080002d4   0x00000000   Code   RO         1503    .ARM.Collect$$libinit$$00000032  c_w.l(libinit2.o)
    0x080002d4   0x00000002   Code   RO         1504    .ARM.Collect$$libinit$$00000033  c_w.l(libinit2.o)
    0x080002d6   0x00000002   Code   RO         1522    .ARM.Collect$$libshutdown$$00000000  c_w.l(libshutdown.o)
    0x080002d8   0x00000000   Code   RO         1532    .ARM.Collect$$libshutdown$$00000002  c_w.l(libshutdown2.o)
    0x080002d8   0x00000000   Code   RO         1534    .ARM.Collect$$libshutdown$$00000004  c_w.l(libshutdown2.o)
    0x080002d8   0x00000000   Code   RO         1537    .ARM.Collect$$libshutdown$$00000007  c_w.l(libshutdown2.o)
    0x080002d8   0x00000000   Code   RO         1540    .ARM.Collect$$libshutdown$$0000000A  c_w.l(libshutdown2.o)
    0x080002d8   0x00000000   Code   RO         1542    .ARM.Collect$$libshutdown$$0000000C  c_w.l(libshutdown2.o)
    0x080002d8   0x00000000   Code   RO         1545    .ARM.Collect$$libshutdown$$0000000F  c_w.l(libshutdown2.o)
    0x080002d8   0x00000002   Code   RO         1546    .ARM.Collect$$libshutdown$$00000010  c_w.l(libshutdown2.o)
    0x080002da   0x00000000   Code   RO         1414    .ARM.Collect$$rtentry$$00000000  c_w.l(__rtentry.o)
    0x080002da   0x00000000   Code   RO         1423    .ARM.Collect$$rtentry$$00000002  c_w.l(__rtentry2.o)
    0x080002da   0x00000006   Code   RO         1435    .ARM.Collect$$rtentry$$00000004  c_w.l(__rtentry4.o)
    0x080002e0   0x00000000   Code   RO         1425    .ARM.Collect$$rtentry$$00000009  c_w.l(__rtentry2.o)
    0x080002e0   0x00000004   Code   RO         1426    .ARM.Collect$$rtentry$$0000000A  c_w.l(__rtentry2.o)
    0x080002e4   0x00000000   Code   RO         1428    .ARM.Collect$$rtentry$$0000000C  c_w.l(__rtentry2.o)
    0x080002e4   0x00000008   Code   RO         1429    .ARM.Collect$$rtentry$$0000000D  c_w.l(__rtentry2.o)
    0x080002ec   0x00000002   Code   RO         1458    .ARM.Collect$$rtexit$$00000000  c_w.l(rtexit.o)
    0x080002ee   0x00000000   Code   RO         1506    .ARM.Collect$$rtexit$$00000002  c_w.l(rtexit2.o)
    0x080002ee   0x00000004   Code   RO         1507    .ARM.Collect$$rtexit$$00000003  c_w.l(rtexit2.o)
    0x080002f2   0x00000006   Code   RO         1508    .ARM.Collect$$rtexit$$00000004  c_w.l(rtexit2.o)
    0x080002f8   0x0000005c   Code   RO          258    .text               startup_stm32f767xx.o
    0x08000354   0x00000002   Code   RO         1343    .text               c_w.l(use_no_semi_2.o)
    0x08000356   0x00000002   PAD
    0x08000358   0x00000018   Code   RO         1347    .text               c_w.l(noretval__2printf.o)
    0x08000370   0x0000004e   Code   RO         1351    .text               c_w.l(_printf_pad.o)
    0x080003be   0x00000052   Code   RO         1353    .text               c_w.l(_printf_str.o)
    0x08000410   0x00000078   Code   RO         1355    .text               c_w.l(_printf_dec.o)
    0x08000488   0x00000058   Code   RO         1360    .text               c_w.l(_printf_hex_int.o)
    0x080004e0   0x00000188   Code   RO         1395    .text               c_w.l(__printf_flags_ss_wp.o)
    0x08000668   0x0000004e   Code   RO         1406    .text               c_w.l(rt_memclr_w.o)
    0x080006b6   0x00000006   Code   RO         1408    .text               c_w.l(heapauxi.o)
    0x080006bc   0x00000002   Code   RO         1412    .text               c_w.l(use_no_semi.o)
    0x080006be   0x000000b2   Code   RO         1415    .text               c_w.l(_printf_intcommon.o)
    0x08000770   0x0000002c   Code   RO         1417    .text               c_w.l(_printf_char.o)
    0x0800079c   0x00000024   Code   RO         1419    .text               c_w.l(_printf_char_file.o)
    0x080007c0   0x00000030   Code   RO         1437    .text               c_w.l(_printf_char_common.o)
    0x080007f0   0x00000008   Code   RO         1439    .text               c_w.l(ferror.o)
    0x080007f8   0x0000004a   Code   RO         1443    .text               c_w.l(sys_stackheap_outer.o)
    0x08000842   0x00000012   Code   RO         1447    .text               c_w.l(exit.o)
    0x08000854   0x00000008   Code   RO         1455    .text               c_w.l(libspace.o)
    0x0800085c   0x00000082   Code   RO         1307    i.ANO_report        ano.o
    0x080008de   0x00000058   Code   RO         1308    i.ANO_send          ano.o
    0x08000936   0x00000002   PAD
    0x08000938   0x000001dc   Code   RO          361    i.CAN1_Mode_Init    can.o
    0x08000b14   0x0000007c   Code   RO          363    i.CAN1_RX0_IRQHandler  can.o
    0x08000b90   0x000000d8   Code   RO          365    i.CAN1_Rx_Msg       can.o
    0x08000c68   0x00000052   Code   RO          366    i.CAN1_Send_Msg     can.o
    0x08000cba   0x00000002   PAD
    0x08000cbc   0x0000010c   Code   RO          367    i.CAN1_Tx_Msg       can.o
    0x08000dc8   0x00000084   Code   RO          368    i.CAN1_Tx_Staus     can.o
    0x08000e4c   0x00000078   Code   RO         1122    i.Cache_Enable      sys.o
    0x08000ec4   0x00000040   Code   RO         1124    i.GPIO_AF_Set       sys.o
    0x08000f04   0x00000010   Code   RO         1125    i.GPIO_Pin_Get      sys.o
    0x08000f14   0x00000010   Code   RO         1126    i.GPIO_Pin_Set      sys.o
    0x08000f24   0x000000de   Code   RO         1127    i.GPIO_Set          sys.o
    0x08001002   0x00000012   Code   RO          265    i.MPU_Convert_Bytes_To_POT  mpu.o
    0x08001014   0x00000024   Code   RO          266    i.MPU_Disable       mpu.o
    0x08001038   0x0000001c   Code   RO          267    i.MPU_Enable        mpu.o
    0x08001054   0x0000005c   Code   RO          268    i.MPU_Memory_Protection  mpu.o
    0x080010b0   0x0000006c   Code   RO          269    i.MPU_Set_Protection  mpu.o
    0x0800111c   0x00000078   Code   RO         1130    i.MY_NVIC_Init      sys.o
    0x08001194   0x00000028   Code   RO         1131    i.MY_NVIC_PriorityGroupConfig  sys.o
    0x080011bc   0x00000010   Code   RO         1132    i.MY_NVIC_SetVectorTable  sys.o
    0x080011cc   0x00000060   Code   RO          270    i.MemManage_Handler  mpu.o
    0x0800122c   0x0000009c   Code   RO         1133    i.SCB_EnableDCache  sys.o
    0x080012c8   0x000002cc   Code   RO          321    i.SDRAM_Init        sdram.o
    0x08001594   0x00000048   Code   RO          322    i.SDRAM_Send_Cmd    sdram.o
    0x080015dc   0x00000070   Code   RO         1134    i.Stm32_Clock_Init  sys.o
    0x0800164c   0x00000114   Code   RO         1135    i.Sys_Clock_Set     sys.o
    0x08001760   0x00000010   Code   RO         1136    i.Sys_Soft_Reset    sys.o
    0x08001770   0x00000068   Code   RO          822    i.TIM3_IRQHandler   timer.o
    0x080017d8   0x00000050   Code   RO          823    i.TIM3_Int_Init     timer.o
    0x08001828   0x0000003c   Code   RO          880    i.TIM4_IRQHandler   usmart.o
    0x08001864   0x000000e8   Code   RO          826    i.TIM5_IRQHandler   timer.o
    0x0800194c   0x00000050   Code   RO          881    i.Timer4_Init       usmart.o
    0x0800199c   0x00000080   Code   RO         1248    i.USART1_IRQHandler  usart.o
    0x08001a1c   0x00000060   Code   RO          713    i.USART2_IRQHandler  uart.o
    0x08001a7c   0x000000dc   Code   RO          714    i.USART2_Init       uart.o
    0x08001b58   0x0000001c   Code   RO          716    i.USART2_Send_char  uart.o
    0x08001b74   0x0000002c   Code   RO          717    i.USART3_IRQHandler  uart.o
    0x08001ba0   0x000000dc   Code   RO          718    i.USART3_Init       uart.o
    0x08001c7c   0x0000001c   Code   RO          720    i.USART3_Send_char  uart.o
    0x08001c98   0x0000000e   Code   RO         1388    i._is_digit         c_w.l(__printf_wp.o)
    0x08001ca6   0x00000004   Code   RO         1249    i._sys_exit         usart.o
    0x08001caa   0x0000002a   Code   RO          430    i.creat_nmt_msg     copley_control.o
    0x08001cd4   0x000000c0   Code   RO          431    i.creat_sdo_msg     copley_control.o
    0x08001d94   0x00000038   Code   RO          432    i.creat_sync_msg    copley_control.o
    0x08001dcc   0x00000074   Code   RO          433    i.create_rpdo_msg   copley_control.o
    0x08001e40   0x00000038   Code   RO         1077    i.delay_init        delay.o
    0x08001e78   0x00000038   Code   RO         1078    i.delay_ms          delay.o
    0x08001eb0   0x0000003c   Code   RO         1079    i.delay_us          delay.o
    0x08001eec   0x0000003c   Code   RO         1080    i.delay_xms         delay.o
    0x08001f28   0x0000001c   Code   RO         1251    i.fputc             usart.o
    0x08001f44   0x00000014   Code   RO          786    i.get_switc_status  soft_switch.o
    0x08001f58   0x00000058   Code   RO          787    i.init_switch       soft_switch.o
    0x08001fb0   0x0000044c   Code   RO            4    i.main              test.o
    0x080023fc   0x00000054   Code   RO          509    i.node1_fault_reset  copley_node1.o
    0x08002450   0x00000050   Code   RO          510    i.node1_halt        copley_node1.o
    0x080024a0   0x00000070   Code   RO          511    i.node1_init        copley_node1.o
    0x08002510   0x00000014   Code   RO          512    i.node1_nmt_reset   copley_node1.o
    0x08002524   0x000000b8   Code   RO          513    i.node1_ppm_init    copley_node1.o
    0x080025dc   0x00000090   Code   RO          514    i.node1_ppm_set_target  copley_node1.o
    0x0800266c   0x00000054   Code   RO          515    i.node1_quick_stop  copley_node1.o
    0x080026c0   0x00000010   Code   RO          516    i.node1_set_op_mode  copley_node1.o
    0x080026d0   0x00000158   Code   RO          517    i.node1_set_target  copley_node1.o
    0x08002828   0x000000f8   Code   RO          518    i.node1_start       copley_node1.o
    0x08002920   0x00000050   Code   RO          519    i.node1_state_reset  copley_node1.o
    0x08002970   0x00000110   Code   RO          520    i.node1_update      copley_node1.o
    0x08002a80   0x00000054   Code   RO          611    i.node2_fault_reset  copley_node2.o
    0x08002ad4   0x00000050   Code   RO          612    i.node2_halt        copley_node2.o
    0x08002b24   0x00000070   Code   RO          613    i.node2_init        copley_node2.o
    0x08002b94   0x00000014   Code   RO          614    i.node2_nmt_reset   copley_node2.o
    0x08002ba8   0x000000b8   Code   RO          615    i.node2_ppm_init    copley_node2.o
    0x08002c60   0x00000090   Code   RO          616    i.node2_ppm_set_target  copley_node2.o
    0x08002cf0   0x00000054   Code   RO          617    i.node2_quick_stop  copley_node2.o
    0x08002d44   0x00000010   Code   RO          618    i.node2_set_op_mode  copley_node2.o
    0x08002d54   0x00000158   Code   RO          619    i.node2_set_target  copley_node2.o
    0x08002eac   0x000000f8   Code   RO          620    i.node2_start       copley_node2.o
    0x08002fa4   0x00000050   Code   RO          621    i.node2_state_reset  copley_node2.o
    0x08002ff4   0x00000110   Code   RO          622    i.node2_update      copley_node2.o
    0x08003104   0x00000040   Code   RO          521    i.other_init_msg    copley_node1.o
    0x08003144   0x00000040   Code   RO          623    i.other_init_msg    copley_node2.o
    0x08003184   0x0000002c   Code   RO          203    i.pid_control       pid.o
    0x080031b0   0x00000006   Code   RO          882    i.read_addr         usmart.o
    0x080031b6   0x00000002   PAD
    0x080031b8   0x00000050   Code   RO            7    i.read_sdo          test.o
    0x08003208   0x00000018   Code   RO          438    i.send_sync         copley_control.o
    0x08003220   0x00000012   Code   RO          522    i.send_sync         copley_node1.o
    0x08003232   0x00000012   Code   RO          624    i.send_sync         copley_node2.o
    0x08003244   0x00000024   Code   RO            8    i.set_kd            test.o
    0x08003268   0x00000024   Code   RO            9    i.set_kp            test.o
    0x0800328c   0x00000014   Code   RO          788    i.set_led           soft_switch.o
    0x080032a0   0x00000050   Code   RO          523    i.set_nmt_state     copley_node1.o
    0x080032f0   0x00000050   Code   RO          625    i.set_nmt_state     copley_node2.o
    0x08003340   0x0000003c   Code   RO           11    i.set_sdo           test.o
    0x0800337c   0x00000020   Code   RO           12    i.set_start         test.o
    0x0800339c   0x00000020   Code   RO           13    i.set_start2        test.o
    0x080033bc   0x00000002   Code   RO           14    i.show_pid          test.o
    0x080033be   0x00000002   PAD
    0x080033c0   0x000000bc   Code   RO         1252    i.uart_init         usart.o
    0x0800347c   0x000000b0   Code   RO          883    i.usmart_cmd_rec    usmart.o
    0x0800352c   0x000002d4   Code   RO          884    i.usmart_exe        usmart.o
    0x08003800   0x000000d4   Code   RO          993    i.usmart_get_aparm  usmart_str.o
    0x080038d4   0x00000036   Code   RO          994    i.usmart_get_cmdname  usmart_str.o
    0x0800390a   0x00000002   PAD
    0x0800390c   0x000001c0   Code   RO          995    i.usmart_get_fname  usmart_str.o
    0x08003acc   0x0000010c   Code   RO          996    i.usmart_get_fparam  usmart_str.o
    0x08003bd8   0x00000020   Code   RO          997    i.usmart_get_parmpos  usmart_str.o
    0x08003bf8   0x00000040   Code   RO          885    i.usmart_get_runtime  usmart.o
    0x08003c38   0x00000028   Code   RO          886    i.usmart_init       usmart.o
    0x08003c60   0x00000016   Code   RO          998    i.usmart_pow        usmart_str.o
    0x08003c76   0x00000002   PAD
    0x08003c78   0x00000030   Code   RO          887    i.usmart_reset_runtime  usmart.o
    0x08003ca8   0x000000bc   Code   RO          888    i.usmart_scan       usmart.o
    0x08003d64   0x00000016   Code   RO          999    i.usmart_search_nextc  usmart_str.o
    0x08003d7a   0x00000106   Code   RO         1000    i.usmart_str2num    usmart_str.o
    0x08003e80   0x00000022   Code   RO         1001    i.usmart_strcmp     usmart_str.o
    0x08003ea2   0x00000016   Code   RO         1002    i.usmart_strcopy    usmart_str.o
    0x08003eb8   0x00000018   Code   RO         1003    i.usmart_strlen     usmart_str.o
    0x08003ed0   0x000006f4   Code   RO          889    i.usmart_sys_cmd_exe  usmart.o
    0x080045c4   0x00000004   Code   RO          890    i.write_addr        usmart.o
    0x080045c8   0x0000000a   Code   RO         1514    x$fpl$fpinit        fz_wv.l(fpinit.o)
    0x080045d2   0x00000028   Data   RO         1361    .constdata          c_w.l(_printf_hex_int.o)
    0x080045fa   0x00000011   Data   RO         1396    .constdata          c_w.l(__printf_flags_ss_wp.o)
    0x0800460b   0x00000001   PAD
    0x0800460c   0x00000028   Data   RO          891    .conststring        usmart.o
    0x08004634   0x0000018c   Data   RO          968    .conststring        usmart_config.o
    0x080047c0   0x00000020   Data   RO         1576    Region$$Table       anon$$obj.o


    Execution Region RW_IRAM2 (Base: 0x20000000, Size: 0x00000000, Max: 0x00020000, ABSOLUTE)

    **** No section assigned to this execution region ****


    Execution Region RW_IRAM1 (Base: 0x20020000, Size: 0x00000d28, Max: 0x00060000, ABSOLUTE, COMPRESSED[0x00000134])

    Base Addr    Size         Type   Attr      Idx    E Section Name        Object

    0x20020000   0x0000010c   Data   RW           17    .data               test.o
    0x2002010c   0x00000090   Data   RW          524    .data               copley_node1.o
    0x2002019c   0x00000090   Data   RW          626    .data               copley_node2.o
    0x2002022c   0x00000001   Data   RW          722    .data               uart.o
    0x2002022d   0x00000003   PAD
    0x20020230   0x0000000d   Data   RW          828    .data               timer.o
    0x2002023d   0x00000003   PAD
    0x20020240   0x0000001c   Data   RW          892    .data               usmart.o
    0x2002025c   0x00000164   Data   RW          969    .data               usmart_config.o
    0x200203c0   0x00000004   Data   RW         1081    .data               delay.o
    0x200203c4   0x00000006   Data   RW         1254    .data               usart.o
    0x200203ca   0x00000002   PAD
    0x200203cc   0x00000028   Zero   RW           15    .bss                test.o
    0x200203f4   0x0000000a   Zero   RW          721    .bss                uart.o
    0x200203fe   0x000000c8   Zero   RW         1253    .bss                usart.o
    0x200204c6   0x00000002   PAD
    0x200204c8   0x00000060   Zero   RW         1456    .bss                c_w.l(libspace.o)
    0x20020528   0x00000000   Zero   RW          256    HEAP                startup_stm32f767xx.o
    0x20020528   0x00000800   Zero   RW          255    STACK               startup_stm32f767xx.o


==============================================================================

Image component sizes


      Code (inc. data)   RO Data    RW Data    ZI Data      Debug   Object Name

       218          0          0          0          0       2504   ano.o
      1298         48          0          0          0       5359   can.o
       430         54          0          0          0       4043   copley_control.o
      1830        144          0        144          0       9610   copley_node1.o
      1830        144          0        144          0       9614   copley_node2.o
       232         18          0          4          0       2507   delay.o
       378         64          0          0          0       3587   mpu.o
        44          0          0          0          0        942   pid.o
       788         34          0          0          0       1702   sdram.o
       128         22          0          0          0       1655   soft_switch.o
        92         26        504          0       2048        860   startup_stm32f767xx.o
      1174         64          0          0          0      39691   sys.o
      1378        276          0        268         40     253810   test.o
       416         40          0         13          0       2145   timer.o
       636         74          0          1         10       4266   uart.o
       348         34          0          6        200       4232   usart.o
      3170       1350         40         28          0       7950   usmart.o
         0          0        396        356          0       1640   usmart_config.o
      1400         20          0          0          0       9125   usmart_str.o

    ----------------------------------------------------------------------
     15802       2412        972        972       2300     365242   Object Totals
         0          0         32          0          0          0   (incl. Generated)
        12          0          0          8          2          0   (incl. Padding)

    ----------------------------------------------------------------------

      Code (inc. data)   RO Data    RW Data    ZI Data      Debug   Library Member Name

        90          0          0          0          0          0   __dczerorl2.o
         8          0          0          0          0         68   __main.o
       392          4         17          0          0         92   __printf_flags_ss_wp.o
        14          0          0          0          0         68   __printf_wp.o
         0          0          0          0          0          0   __rtentry.o
        12          0          0          0          0          0   __rtentry2.o
         6          0          0          0          0          0   __rtentry4.o
        52          8          0          0          0          0   __scatter.o
        28          0          0          0          0          0   __scatter_zi.o
         6          0          0          0          0          0   _printf_c.o
        44          0          0          0          0        108   _printf_char.o
        48          6          0          0          0         96   _printf_char_common.o
        36          4          0          0          0         80   _printf_char_file.o
         6          0          0          0          0          0   _printf_d.o
       120         16          0          0          0         92   _printf_dec.o
        88          4         40          0          0         88   _printf_hex_int.o
       178          0          0          0          0         88   _printf_intcommon.o
        78          0          0          0          0        108   _printf_pad.o
         0          0          0          0          0          0   _printf_percent.o
         4          0          0          0          0          0   _printf_percent_end.o
         6          0          0          0          0          0   _printf_s.o
        82          0          0          0          0         80   _printf_str.o
         6          0          0          0          0          0   _printf_u.o
         6          0          0          0          0          0   _printf_x.o
        18          0          0          0          0         80   exit.o
         8          0          0          0          0         68   ferror.o
         6          0          0          0          0        152   heapauxi.o
         2          0          0          0          0          0   libinit.o
         6          0          0          0          0          0   libinit2.o
         2          0          0          0          0          0   libshutdown.o
         2          0          0          0          0          0   libshutdown2.o
         8          4          0          0         96         68   libspace.o
        24          4          0          0          0         84   noretval__2printf.o
        78          0          0          0          0         80   rt_memclr_w.o
         2          0          0          0          0          0   rtexit.o
        10          0          0          0          0          0   rtexit2.o
        74          0          0          0          0         80   sys_stackheap_outer.o
         2          0          0          0          0         68   use_no_semi.o
         2          0          0          0          0         68   use_no_semi_2.o
        10          0          0          0          0        116   fpinit.o

    ----------------------------------------------------------------------
      1568         50         58          0         96       1832   Library Totals
         4          0          1          0          0          0   (incl. Padding)

    ----------------------------------------------------------------------

      Code (inc. data)   RO Data    RW Data    ZI Data      Debug   Library Name

      1554         50         57          0         96       1716   c_w.l
        10          0          0          0          0        116   fz_wv.l

    ----------------------------------------------------------------------
      1568         50         58          0         96       1832   Library Totals

    ----------------------------------------------------------------------

==============================================================================


      Code (inc. data)   RO Data    RW Data    ZI Data      Debug   

     17370       2462       1030        972       2396     355442   Grand Totals
     17370       2462       1030        308       2396     355442   ELF Image Totals (compressed)
     17370       2462       1030        308          0          0   ROM Totals

==============================================================================

    Total RO  Size (Code + RO Data)                18400 (  17.97kB)
    Total RW  Size (RW Data + ZI Data)              3368 (   3.29kB)
    Total ROM Size (Code + RO Data + RW Data)      18708 (  18.27kB)

==============================================================================

